Archive member included to satisfy reference by file (symbol)

c:/program files (x86)/atollic/truestudio for stm32 9.0.1/armtools/bin/../lib/gcc/arm-atollic-eabi/6.3.1/../../../../arm-atollic-eabi/lib/armv6-m\libc_nano.a(lib_a-init.o)
                              startup\startup_stm32f030.o (__libc_init_array)
c:/program files (x86)/atollic/truestudio for stm32 9.0.1/armtools/bin/../lib/gcc/arm-atollic-eabi/6.3.1/armv6-m\libgcc.a(_udivsi3.o)
                              Libraries\STM32F0xx_StdPeriph_Driver\src\stm32f0xx_rcc.o (__aeabi_uidiv)
c:/program files (x86)/atollic/truestudio for stm32 9.0.1/armtools/bin/../lib/gcc/arm-atollic-eabi/6.3.1/armv6-m\libgcc.a(_dvmd_tls.o)
                              c:/program files (x86)/atollic/truestudio for stm32 9.0.1/armtools/bin/../lib/gcc/arm-atollic-eabi/6.3.1/armv6-m\libgcc.a(_udivsi3.o) (__aeabi_idiv0)

Allocating common symbols
Common symbol       size              file

GPIO_InitStructure  0x8               src\main.o
millis              0x4               src\main.o

Discarded input sections

 .text          0x00000000        0x0 c:/program files (x86)/atollic/truestudio for stm32 9.0.1/armtools/bin/../lib/gcc/arm-atollic-eabi/6.3.1/armv6-m/crti.o
 .data          0x00000000        0x0 c:/program files (x86)/atollic/truestudio for stm32 9.0.1/armtools/bin/../lib/gcc/arm-atollic-eabi/6.3.1/armv6-m/crti.o
 .bss           0x00000000        0x0 c:/program files (x86)/atollic/truestudio for stm32 9.0.1/armtools/bin/../lib/gcc/arm-atollic-eabi/6.3.1/armv6-m/crti.o
 .data          0x00000000        0x4 c:/program files (x86)/atollic/truestudio for stm32 9.0.1/armtools/bin/../lib/gcc/arm-atollic-eabi/6.3.1/armv6-m/crtbegin.o
 .text          0x00000000        0x0 Libraries\STM32F0xx_StdPeriph_Driver\src\stm32f0xx_adc.o
 .data          0x00000000        0x0 Libraries\STM32F0xx_StdPeriph_Driver\src\stm32f0xx_adc.o
 .bss           0x00000000        0x0 Libraries\STM32F0xx_StdPeriph_Driver\src\stm32f0xx_adc.o
 .text.ADC_DeInit
                0x00000000       0x34 Libraries\STM32F0xx_StdPeriph_Driver\src\stm32f0xx_adc.o
 .text.ADC_Init
                0x00000000       0x58 Libraries\STM32F0xx_StdPeriph_Driver\src\stm32f0xx_adc.o
 .text.ADC_StructInit
                0x00000000       0x34 Libraries\STM32F0xx_StdPeriph_Driver\src\stm32f0xx_adc.o
 .text.ADC_Cmd  0x00000000       0x38 Libraries\STM32F0xx_StdPeriph_Driver\src\stm32f0xx_adc.o
 .text.ADC_ClockModeConfig
                0x00000000       0x18 Libraries\STM32F0xx_StdPeriph_Driver\src\stm32f0xx_adc.o
 .text.ADC_JitterCmd
                0x00000000       0x3a Libraries\STM32F0xx_StdPeriph_Driver\src\stm32f0xx_adc.o
 .text.ADC_AutoPowerOffCmd
                0x00000000       0x40 Libraries\STM32F0xx_StdPeriph_Driver\src\stm32f0xx_adc.o
 .text.ADC_WaitModeCmd
                0x00000000       0x40 Libraries\STM32F0xx_StdPeriph_Driver\src\stm32f0xx_adc.o
 .text.ADC_AnalogWatchdogCmd
                0x00000000       0x40 Libraries\STM32F0xx_StdPeriph_Driver\src\stm32f0xx_adc.o
 .text.ADC_AnalogWatchdogThresholdsConfig
                0x00000000       0x30 Libraries\STM32F0xx_StdPeriph_Driver\src\stm32f0xx_adc.o
 .text.ADC_AnalogWatchdogSingleChannelConfig
                0x00000000       0x38 Libraries\STM32F0xx_StdPeriph_Driver\src\stm32f0xx_adc.o
 .text.ADC_AnalogWatchdogSingleChannelCmd
                0x00000000       0x40 Libraries\STM32F0xx_StdPeriph_Driver\src\stm32f0xx_adc.o
 .text.ADC_TempSensorCmd
                0x00000000       0x40 Libraries\STM32F0xx_StdPeriph_Driver\src\stm32f0xx_adc.o
 .text.ADC_VrefintCmd
                0x00000000       0x40 Libraries\STM32F0xx_StdPeriph_Driver\src\stm32f0xx_adc.o
 .text.ADC_VbatCmd
                0x00000000       0x40 Libraries\STM32F0xx_StdPeriph_Driver\src\stm32f0xx_adc.o
 .text.ADC_ChannelConfig
                0x00000000       0x3a Libraries\STM32F0xx_StdPeriph_Driver\src\stm32f0xx_adc.o
 .text.ADC_ContinuousModeCmd
                0x00000000       0x40 Libraries\STM32F0xx_StdPeriph_Driver\src\stm32f0xx_adc.o
 .text.ADC_DiscModeCmd
                0x00000000       0x40 Libraries\STM32F0xx_StdPeriph_Driver\src\stm32f0xx_adc.o
 .text.ADC_OverrunModeCmd
                0x00000000       0x40 Libraries\STM32F0xx_StdPeriph_Driver\src\stm32f0xx_adc.o
 .text.ADC_GetCalibrationFactor
                0x00000000       0x60 Libraries\STM32F0xx_StdPeriph_Driver\src\stm32f0xx_adc.o
 .text.ADC_StopOfConversion
                0x00000000       0x1c Libraries\STM32F0xx_StdPeriph_Driver\src\stm32f0xx_adc.o
 .text.ADC_StartOfConversion
                0x00000000       0x1c Libraries\STM32F0xx_StdPeriph_Driver\src\stm32f0xx_adc.o
 .text.ADC_GetConversionValue
                0x00000000       0x16 Libraries\STM32F0xx_StdPeriph_Driver\src\stm32f0xx_adc.o
 .text.ADC_DMACmd
                0x00000000       0x3a Libraries\STM32F0xx_StdPeriph_Driver\src\stm32f0xx_adc.o
 .text.ADC_DMARequestModeConfig
[...]
Memory Configuration

Name             Origin             Length             Attributes
FLASH            0x08000000         0x00010000         xr
RAM              0x20000000         0x00002000         xrw
MEMORY_B1        0x60000000         0x00000000         xr
*default*        0x00000000         0xffffffff

Linker script and memory map

LOAD c:/program files (x86)/atollic/truestudio for stm32 9.0.1/armtools/bin/../lib/gcc/arm-atollic-eabi/6.3.1/armv6-m/crti.o
LOAD c:/program files (x86)/atollic/truestudio for stm32 9.0.1/armtools/bin/../lib/gcc/arm-atollic-eabi/6.3.1/armv6-m/crtbegin.o
LOAD Libraries\STM32F0xx_StdPeriph_Driver\src\stm32f0xx_adc.o
LOAD Libraries\STM32F0xx_StdPeriph_Driver\src\stm32f0xx_can.o
LOAD Libraries\STM32F0xx_StdPeriph_Driver\src\stm32f0xx_cec.o
LOAD Libraries\STM32F0xx_StdPeriph_Driver\src\stm32f0xx_comp.o
LOAD Libraries\STM32F0xx_StdPeriph_Driver\src\stm32f0xx_crc.o
LOAD Libraries\STM32F0xx_StdPeriph_Driver\src\stm32f0xx_crs.o
LOAD Libraries\STM32F0xx_StdPeriph_Driver\src\stm32f0xx_dac.o
LOAD Libraries\STM32F0xx_StdPeriph_Driver\src\stm32f0xx_dbgmcu.o
LOAD Libraries\STM32F0xx_StdPeriph_Driver\src\stm32f0xx_dma.o
LOAD Libraries\STM32F0xx_StdPeriph_Driver\src\stm32f0xx_exti.o
LOAD Libraries\STM32F0xx_StdPeriph_Driver\src\stm32f0xx_flash.o
LOAD Libraries\STM32F0xx_StdPeriph_Driver\src\stm32f0xx_gpio.o
LOAD Libraries\STM32F0xx_StdPeriph_Driver\src\stm32f0xx_i2c.o
LOAD Libraries\STM32F0xx_StdPeriph_Driver\src\stm32f0xx_iwdg.o
LOAD Libraries\STM32F0xx_StdPeriph_Driver\src\stm32f0xx_misc.o
LOAD Libraries\STM32F0xx_StdPeriph_Driver\src\stm32f0xx_pwr.o
LOAD Libraries\STM32F0xx_StdPeriph_Driver\src\stm32f0xx_rcc.o
LOAD Libraries\STM32F0xx_StdPeriph_Driver\src\stm32f0xx_rtc.o
LOAD Libraries\STM32F0xx_StdPeriph_Driver\src\stm32f0xx_spi.o
LOAD Libraries\STM32F0xx_StdPeriph_Driver\src\stm32f0xx_syscfg.o
LOAD Libraries\STM32F0xx_StdPeriph_Driver\src\stm32f0xx_tim.o
LOAD Libraries\STM32F0xx_StdPeriph_Driver\src\stm32f0xx_usart.o
LOAD Libraries\STM32F0xx_StdPeriph_Driver\src\stm32f0xx_wwdg.o
LOAD src\main.o
LOAD src\stm32f0xx_it.o
LOAD src\system_stm32f0xx.o
LOAD startup\startup_stm32f030.o
                0x00000080                malloc_getpagesize_P = 0x80
START GROUP
LOAD c:/program files (x86)/atollic/truestudio for stm32 9.0.1/armtools/bin/../lib/gcc/arm-atollic-eabi/6.3.1/../../../../arm-atollic-eabi/lib/armv6-m\libc_nano.a
LOAD c:/program files (x86)/atollic/truestudio for stm32 9.0.1/armtools/bin/../lib/gcc/arm-atollic-eabi/6.3.1/../../../../arm-atollic-eabi/lib/armv6-m\libm.a
END GROUP
START GROUP
LOAD c:/program files (x86)/atollic/truestudio for stm32 9.0.1/armtools/bin/../lib/gcc/arm-atollic-eabi/6.3.1/armv6-m\libgcc.a
LOAD c:/program files (x86)/atollic/truestudio for stm32 9.0.1/armtools/bin/../lib/gcc/arm-atollic-eabi/6.3.1/../../../../arm-atollic-eabi/lib/armv6-m\libc_nano.a
END GROUP
START GROUP
LOAD c:/program files (x86)/atollic/truestudio for stm32 9.0.1/armtools/bin/../lib/gcc/arm-atollic-eabi/6.3.1/armv6-m\libgcc.a
LOAD c:/program files (x86)/atollic/truestudio for stm32 9.0.1/armtools/bin/../lib/gcc/arm-atollic-eabi/6.3.1/../../../../arm-atollic-eabi/lib/armv6-m\libc_nano.a
LOAD c:/program files (x86)/atollic/truestudio for stm32 9.0.1/armtools/bin/../lib/gcc/arm-atollic-eabi/6.3.1/../../../../arm-atollic-eabi/lib/armv6-m\libnosys.a
END GROUP
START GROUP
LOAD c:/program files (x86)/atollic/truestudio for stm32 9.0.1/armtools/bin/../lib/gcc/arm-atollic-eabi/6.3.1/armv6-m\libgcc.a
LOAD c:/program files (x86)/atollic/truestudio for stm32 9.0.1/armtools/bin/../lib/gcc/arm-atollic-eabi/6.3.1/../../../../arm-atollic-eabi/lib/armv6-m\libc_nano.a
LOAD c:/program files (x86)/atollic/truestudio for stm32 9.0.1/armtools/bin/../lib/gcc/arm-atollic-eabi/6.3.1/../../../../arm-atollic-eabi/lib/armv6-m\libnosys.a
END GROUP
LOAD c:/program files (x86)/atollic/truestudio for stm32 9.0.1/armtools/bin/../lib/gcc/arm-atollic-eabi/6.3.1/armv6-m/crtend.o
LOAD c:/program files (x86)/atollic/truestudio for stm32 9.0.1/armtools/bin/../lib/gcc/arm-atollic-eabi/6.3.1/armv6-m/crtn.o
                0x20002000                _estack = 0x20002000
                0x00000000                _Min_Heap_Size = 0x0
                0x00000080                _Min_Stack_Size = 0x80

.isr_vector     0x08000000       0xc0
                0x08000000                . = ALIGN (0x4)
 *(.isr_vector)
 .isr_vector    0x08000000       0xc0 startup\startup_stm32f030.o
                0x08000000                g_pfnVectors
                0x080000c0                . = ALIGN (0x4)

.text           0x080000c0      0x720
                0x080000c0                . = ALIGN (0x4)
 *(.text)
 .text          0x080000c0       0x48 c:/program files (x86)/atollic/truestudio for stm32 9.0.1/armtools/bin/../lib/gcc/arm-atollic-eabi/6.3.1/armv6-m/crtbegin.o
 .text          0x08000108      0x114 c:/program files (x86)/atollic/truestudio for stm32 9.0.1/armtools/bin/../lib/gcc/arm-atollic-eabi/6.3.1/armv6-m\libgcc.a(_udivsi3.o)
                0x08000108                __aeabi_uidiv
                0x08000108                __udivsi3
                0x08000214                __aeabi_uidivmod
 .text          0x0800021c        0x4 c:/program files (x86)/atollic/truestudio for stm32 9.0.1/armtools/bin/../lib/gcc/arm-atollic-eabi/6.3.1/armv6-m\libgcc.a(_dvmd_tls.o)
                0x0800021c                __aeabi_idiv0
                0x0800021c                __aeabi_ldiv0
 *(.text*)
 .text.GPIO_Init
                0x08000220      0x126 Libraries\STM32F0xx_StdPeriph_Driver\src\stm32f0xx_gpio.o
                0x08000220                GPIO_Init
 .text.GPIO_ToggleBit
                0x08000346       0x28 Libraries\STM32F0xx_StdPeriph_Driver\src\stm32f0xx_gpio.o
                0x08000346                GPIO_ToggleBit
 *fill*         0x0800036e        0x2 
 .text.RCC_AHBPeriphClockCmd
                0x08000370       0x40 Libraries\STM32F0xx_StdPeriph_Driver\src\stm32f0xx_rcc.o
                0x08000370                RCC_AHBPeriphClockCmd
 .text.NVIC_SetPriority
                0x080003b0       0xdc src\main.o
 .text.SysTick_Config
                0x0800048c       0x48 src\main.o
 .text.main     0x080004d4       0x90 src\main.o
                0x080004d4                main
 .text.NMI_Handler
                0x08000564        0xa src\stm32f0xx_it.o
                0x08000564                NMI_Handler
 .text.HardFault_Handler
                0x0800056e        0x6 src\stm32f0xx_it.o
                0x0800056e                HardFault_Handler
 .text.SVC_Handler
                0x08000574        0xa src\stm32f0xx_it.o
                0x08000574                SVC_Handler
 .text.PendSV_Handler
                0x0800057e        0xa src\stm32f0xx_it.o
                0x0800057e                PendSV_Handler
 .text.SysTick_Handler
                0x08000588       0x18 src\stm32f0xx_it.o
                0x08000588                SysTick_Handler
 .text.SystemInit
                0x080005a0       0x8c src\system_stm32f0xx.o
                0x080005a0                SystemInit
 .text.SetSysClock
                0x0800062c       0xe0 src\system_stm32f0xx.o
 .text.Reset_Handler
                0x0800070c       0x70 startup\startup_stm32f030.o
                0x0800070c                Reset_Handler
 .text.Default_Handler
                0x0800077c        0x2 startup\startup_stm32f030.o
                0x0800077c                TIM1_CC_IRQHandler
                0x0800077c                I2C1_IRQHandler
                0x0800077c                SPI1_IRQHandler
                0x0800077c                EXTI2_3_IRQHandler
                0x0800077c                ADC1_IRQHandler
                0x0800077c                I2C2_IRQHandler
                0x0800077c                TIM17_IRQHandler
                0x0800077c                RTC_IRQHandler
                0x0800077c                TIM16_IRQHandler
                0x0800077c                TIM3_IRQHandler
                0x0800077c                EXTI4_15_IRQHandler
                0x0800077c                RCC_IRQHandler
                0x0800077c                DMA1_Channel1_IRQHandler
                0x0800077c                Default_Handler
                0x0800077c                TIM14_IRQHandler
                0x0800077c                DMA1_Channel4_5_IRQHandler
                0x0800077c                TIM15_IRQHandler
                0x0800077c                EXTI0_1_IRQHandler
                0x0800077c                SPI2_IRQHandler
                0x0800077c                WWDG_IRQHandler
                0x0800077c                DMA1_Channel2_3_IRQHandler
                0x0800077c                USART2_IRQHandler
                0x0800077c                FLASH_IRQHandler
                0x0800077c                USART1_IRQHandler
                0x0800077c                TIM1_BRK_UP_TRG_COM_IRQHandler
 *fill*         0x0800077e        0x2 
 .text.__libc_init_array
                0x08000780       0x48 c:/program files (x86)/atollic/truestudio for stm32 9.0.1/armtools/bin/../lib/gcc/arm-atollic-eabi/6.3.1/../../../../arm-atollic-eabi/lib/armv6-m\libc_nano.a(lib_a-init.o)
                0x08000780                __libc_init_array
 *(.glue_7)
 .glue_7        0x080007c8        0x0 linker stubs
 *(.glue_7t)
 .glue_7t       0x080007c8        0x0 linker stubs
 *(.eh_frame)
 .eh_frame      0x080007c8        0x0 c:/program files (x86)/atollic/truestudio for stm32 9.0.1/armtools/bin/../lib/gcc/arm-atollic-eabi/6.3.1/armv6-m/crtbegin.o
 *(.init)
 .init          0x080007c8        0x4 c:/program files (x86)/atollic/truestudio for stm32 9.0.1/armtools/bin/../lib/gcc/arm-atollic-eabi/6.3.1/armv6-m/crti.o
                0x080007c8                _init
 .init          0x080007cc        0x8 c:/program files (x86)/atollic/truestudio for stm32 9.0.1/armtools/bin/../lib/gcc/arm-atollic-eabi/6.3.1/armv6-m/crtn.o
 *(.fini)
 .fini          0x080007d4        0x4 c:/program files (x86)/atollic/truestudio for stm32 9.0.1/armtools/bin/../lib/gcc/arm-atollic-eabi/6.3.1/armv6-m/crti.o
                0x080007d4                _fini
 .fini          0x080007d8        0x8 c:/program files (x86)/atollic/truestudio for stm32 9.0.1/armtools/bin/../lib/gcc/arm-atollic-eabi/6.3.1/armv6-m/crtn.o
                0x080007e0                . = ALIGN (0x4)
                0x080007e0                _etext = .

.vfp11_veneer   0x080007e0        0x0
 .vfp11_veneer  0x080007e0        0x0 linker stubs

.v4_bx          0x080007e0        0x0
 .v4_bx         0x080007e0        0x0 linker stubs

.iplt           0x080007e0        0x0
 .iplt          0x080007e0        0x0 c:/program files (x86)/atollic/truestudio for stm32 9.0.1/armtools/bin/../lib/gcc/arm-atollic-eabi/6.3.1/armv6-m/crtbegin.o

.rel.dyn        0x080007e0        0x0
 .rel.iplt      0x080007e0        0x0 c:/program files (x86)/atollic/truestudio for stm32 9.0.1/armtools/bin/../lib/gcc/arm-atollic-eabi/6.3.1/armv6-m/crtbegin.o

.rodata         0x080007e0        0x0
                0x080007e0                . = ALIGN (0x4)
 *(.rodata)
 *(.rodata*)
                0x080007e0                . = ALIGN (0x4)

.ARM.extab
 *(.ARM.extab* .gnu.linkonce.armextab.*)

.ARM            0x080007e0        0x0
                0x080007e0                __exidx_start = .
 *(.ARM.exidx*)
                0x080007e0                __exidx_end = .

.preinit_array  0x080007e0        0x0
                0x080007e0                PROVIDE (__preinit_array_start, .)
 *(.preinit_array*)
                0x080007e0                PROVIDE (__preinit_array_end, .)

.init_array     0x080007e0        0x4
                0x080007e0                PROVIDE (__init_array_start, .)
 *(SORT(.init_array.*))
 *(.init_array*)
 .init_array    0x080007e0        0x4 c:/program files (x86)/atollic/truestudio for stm32 9.0.1/armtools/bin/../lib/gcc/arm-atollic-eabi/6.3.1/armv6-m/crtbegin.o
                0x080007e4                PROVIDE (__init_array_end, .)

.fini_array     0x080007e4        0x4
                [!provide]                PROVIDE (__fini_array_start, .)
 *(SORT(.fini_array.*))
 *(.fini_array*)
 .fini_array    0x080007e4        0x4 c:/program files (x86)/atollic/truestudio for stm32 9.0.1/armtools/bin/../lib/gcc/arm-atollic-eabi/6.3.1/armv6-m/crtbegin.o
                [!provide]                PROVIDE (__fini_array_end, .)
                0x080007e8                _sidata = LOADADDR (.data)

.data           0x20000000        0x4 load address 0x080007e8
                0x20000000                . = ALIGN (0x4)
                0x20000000                _sdata = .
 *(.data)
 *(.data*)
 .data.SystemCoreClock
                0x20000000        0x4 src\system_stm32f0xx.o
                0x20000000                SystemCoreClock
                0x20000004                . = ALIGN (0x4)
                0x20000004                _edata = .

.igot.plt       0x20000004        0x0 load address 0x080007ec
 .igot.plt      0x20000004        0x0 c:/program files (x86)/atollic/truestudio for stm32 9.0.1/armtools/bin/../lib/gcc/arm-atollic-eabi/6.3.1/armv6-m/crtbegin.o
                0x20000004                . = ALIGN (0x4)

.bss            0x20000004       0x28 load address 0x080007ec
                0x20000004                _sbss = .
                0x20000004                __bss_start__ = _sbss
 *(.bss)
 .bss           0x20000004       0x1c c:/program files (x86)/atollic/truestudio for stm32 9.0.1/armtools/bin/../lib/gcc/arm-atollic-eabi/6.3.1/armv6-m/crtbegin.o
 *(.bss*)
 *(COMMON)
 COMMON         0x20000020        0xc src\main.o
                0x20000020                GPIO_InitStructure
                0x20000028                millis
                0x2000002c                . = ALIGN (0x4)
                0x2000002c                _ebss = .
                0x2000002c                __bss_end__ = _ebss

._user_heap_stack
                0x2000002c       0x80 load address 0x080007ec
                0x2000002c                . = ALIGN (0x4)
                [!provide]                PROVIDE (end, .)
                [!provide]                PROVIDE (_end, .)
                0x2000002c                . = (. + _Min_Heap_Size)
                0x200000ac                . = (. + _Min_Stack_Size)
 *fill*         0x2000002c       0x80 
                0x200000ac                . = ALIGN (0x4)

.memory_b1_text
 *(.mb1text)
 *(.mb1text*)
 *(.mb1rodata)
 *(.mb1rodata*)

/DISCARD/
 libc.a(*)
 libm.a(*)
 libgcc.a(*)

.ARM.attributes
                0x00000000       0x28
 *(.ARM.attributes)
 .ARM.attributes
                0x00000000       0x1e c:/program files (x86)/atollic/truestudio for stm32 9.0.1/armtools/bin/../lib/gcc/arm-atollic-eabi/6.3.1/armv6-m/crti.o
 .ARM.attributes
                0x0000001e       0x2c c:/program files (x86)/atollic/truestudio for stm32 9.0.1/armtools/bin/../lib/gcc/arm-atollic-eabi/6.3.1/armv6-m/crtbegin.o
 .ARM.attributes
                0x0000004a       0x31 Libraries\STM32F0xx_StdPeriph_Driver\src\stm32f0xx_gpio.o
 .ARM.attributes
                0x0000007b       0x31 Libraries\STM32F0xx_StdPeriph_Driver\src\stm32f0xx_rcc.o
 .ARM.attributes
                0x000000ac       0x31 src\main.o
 .ARM.attributes
                0x000000dd       0x31 src\stm32f0xx_it.o
 .ARM.attributes
                0x0000010e       0x31 src\system_stm32f0xx.o
 .ARM.attributes
                0x0000013f       0x21 startup\startup_stm32f030.o
 .ARM.attributes
                0x00000160       0x2c c:/program files (x86)/atollic/truestudio for stm32 9.0.1/armtools/bin/../lib/gcc/arm-atollic-eabi/6.3.1/../../../../arm-atollic-eabi/lib/armv6-m\libc_nano.a(lib_a-init.o)
 .ARM.attributes
                0x0000018c       0x1e c:/program files (x86)/atollic/truestudio for stm32 9.0.1/armtools/bin/../lib/gcc/arm-atollic-eabi/6.3.1/armv6-m\libgcc.a(_udivsi3.o)
 .ARM.attributes
                0x000001aa       0x1e c:/program files (x86)/atollic/truestudio for stm32 9.0.1/armtools/bin/../lib/gcc/arm-atollic-eabi/6.3.1/armv6-m\libgcc.a(_dvmd_tls.o)
 .ARM.attributes
                0x000001c8       0x1e c:/program files (x86)/atollic/truestudio for stm32 9.0.1/armtools/bin/../lib/gcc/arm-atollic-eabi/6.3.1/armv6-m/crtn.o
OUTPUT(blink.elf elf32-littlearm)

.debug_info     0x00000000     0x1b10
 .debug_info    0x00000000      0x62b Libraries\STM32F0xx_StdPeriph_Driver\src\stm32f0xx_gpio.o
 .debug_info    0x0000062b      0xa6b Libraries\STM32F0xx_StdPeriph_Driver\src\stm32f0xx_rcc.o
 .debug_info    0x00001096      0x5e7 src\main.o
 .debug_info    0x0000167d       0xfa src\stm32f0xx_it.o
 .debug_info    0x00001777      0x308 src\system_stm32f0xx.o
 .debug_info    0x00001a7f       0x91 startup\startup_stm32f030.o

.debug_abbrev   0x00000000      0x715
 .debug_abbrev  0x00000000      0x198 Libraries\STM32F0xx_StdPeriph_Driver\src\stm32f0xx_gpio.o
 .debug_abbrev  0x00000198      0x201 Libraries\STM32F0xx_StdPeriph_Driver\src\stm32f0xx_rcc.o
 .debug_abbrev  0x00000399      0x1a3 src\main.o
 .debug_abbrev  0x0000053c       0x71 src\stm32f0xx_it.o
 .debug_abbrev  0x000005ad      0x156 src\system_stm32f0xx.o
 .debug_abbrev  0x00000703       0x12 startup\startup_stm32f030.o

.debug_aranges  0x00000000      0x2b0
 .debug_aranges
                0x00000000       0x88 Libraries\STM32F0xx_StdPeriph_Driver\src\stm32f0xx_gpio.o
 .debug_aranges
                0x00000088      0x160 Libraries\STM32F0xx_StdPeriph_Driver\src\stm32f0xx_rcc.o
 .debug_aranges
                0x000001e8       0x30 src\main.o
 .debug_aranges
                0x00000218       0x40 src\stm32f0xx_it.o
 .debug_aranges
                0x00000258       0x30 src\system_stm32f0xx.o
 .debug_aranges
                0x00000288       0x28 startup\startup_stm32f030.o

.debug_ranges   0x00000000      0x258
 .debug_ranges  0x00000000       0x78 Libraries\STM32F0xx_StdPeriph_Driver\src\stm32f0xx_gpio.o
 .debug_ranges  0x00000078      0x150 Libraries\STM32F0xx_StdPeriph_Driver\src\stm32f0xx_rcc.o
 .debug_ranges  0x000001c8       0x20 src\main.o
 .debug_ranges  0x000001e8       0x30 src\stm32f0xx_it.o
 .debug_ranges  0x00000218       0x20 src\system_stm32f0xx.o
 .debug_ranges  0x00000238       0x20 startup\startup_stm32f030.o

.debug_line     0x00000000      0xf58
 .debug_line    0x00000000      0x33d Libraries\STM32F0xx_StdPeriph_Driver\src\stm32f0xx_gpio.o
 .debug_line    0x0000033d      0x58d Libraries\STM32F0xx_StdPeriph_Driver\src\stm32f0xx_rcc.o
 .debug_line    0x000008ca      0x23b src\main.o
 .debug_line    0x00000b05      0x1c9 src\stm32f0xx_it.o
 .debug_line    0x00000cce      0x1f8 src\system_stm32f0xx.o
 .debug_line    0x00000ec6       0x92 startup\startup_stm32f030.o

.debug_str      0x00000000      0xdd1
 .debug_str     0x00000000      0x4c4 Libraries\STM32F0xx_StdPeriph_Driver\src\stm32f0xx_gpio.o
                                0x512 (size before relaxing)
 .debug_str     0x000004c4      0x5e9 Libraries\STM32F0xx_StdPeriph_Driver\src\stm32f0xx_rcc.o
                                0x816 (size before relaxing)
 .debug_str     0x00000aad      0x25a src\main.o
                                0x5c0 (size before relaxing)
 .debug_str     0x00000d07       0x5f src\stm32f0xx_it.o
                                0x209 (size before relaxing)
 .debug_str     0x00000d66       0x6b src\system_stm32f0xx.o
                                0x2d9 (size before relaxing)

.comment        0x00000000       0x7c
 .comment       0x00000000       0x7c Libraries\STM32F0xx_StdPeriph_Driver\src\stm32f0xx_gpio.o
                                 0x7d (size before relaxing)
 .comment       0x0000007c       0x7d Libraries\STM32F0xx_StdPeriph_Driver\src\stm32f0xx_rcc.o
 .comment       0x0000007c       0x7d src\main.o
 .comment       0x0000007c       0x7d src\stm32f0xx_it.o
 .comment       0x0000007c       0x7d src\system_stm32f0xx.o

.debug_frame    0x00000000      0x8bc
 .debug_frame   0x00000000      0x1d0 Libraries\STM32F0xx_StdPeriph_Driver\src\stm32f0xx_gpio.o
 .debug_frame   0x000001d0      0x524 Libraries\STM32F0xx_StdPeriph_Driver\src\stm32f0xx_rcc.o
 .debug_frame   0x000006f4       0x74 src\main.o
 .debug_frame   0x00000768       0x9c src\stm32f0xx_it.o
 .debug_frame   0x00000804       0x6c src\system_stm32f0xx.o
 .debug_frame   0x00000870       0x2c c:/program files (x86)/atollic/truestudio for stm32 9.0.1/armtools/bin/../lib/gcc/arm-atollic-eabi/6.3.1/../../../../arm-atollic-eabi/lib/armv6-m\libc_nano.a(lib_a-init.o)
 .debug_frame   0x0000089c       0x20 c:/program files (x86)/atollic/truestudio for stm32 9.0.1/armtools/bin/../lib/gcc/arm-atollic-eabi/6.3.1/armv6-m\libgcc.a(_udivsi3.o)

Cross Reference Table

Symbol                                            File
ADC1_IRQHandler                                   startup\startup_stm32f030.o
ADC_AnalogWatchdogCmd                             Libraries\STM32F0xx_StdPeriph_Driver\src\stm32f0xx_adc.o
ADC_AnalogWatchdogSingleChannelCmd                Libraries\STM32F0xx_StdPeriph_Driver\src\stm32f0xx_adc.o
ADC_AnalogWatchdogSingleChannelConfig             Libraries\STM32F0xx_StdPeriph_Driver\src\stm32f0xx_adc.o
ADC_AnalogWatchdogThresholdsConfig                Libraries\STM32F0xx_StdPeriph_Driver\src\stm32f0xx_adc.o
ADC_AutoPowerOffCmd                               Libraries\STM32F0xx_StdPeriph_Driver\src\stm32f0xx_adc.o
ADC_ChannelConfig                                 Libraries\STM32F0xx_StdPeriph_Driver\src\stm32f0xx_adc.o
ADC_ClearFlag                                     Libraries\STM32F0xx_StdPeriph_Driver\src\stm32f0xx_adc.o
ADC_ClearITPendingBit                             Libraries\STM32F0xx_StdPeriph_Driver\src\stm32f0xx_adc.o
ADC_ClockModeConfig                               Libraries\STM32F0xx_StdPeriph_Driver\src\stm32f0xx_adc.o
ADC_Cmd                                           Libraries\STM32F0xx_StdPeriph_Driver\src\stm32f0xx_adc.o
ADC_ContinuousModeCmd                             Libraries\STM32F0xx_StdPeriph_Driver\src\stm32f0xx_adc.o
ADC_DMACmd                                        Libraries\STM32F0xx_StdPeriph_Driver\src\stm32f0xx_adc.o
ADC_DMARequestModeConfig                          Libraries\STM32F0xx_StdPeriph_Driver\src\stm32f0xx_adc.o
ADC_DeInit                                        Libraries\STM32F0xx_StdPeriph_Driver\src\stm32f0xx_adc.o
ADC_DiscModeCmd                                   Libraries\STM32F0xx_StdPeriph_Driver\src\stm32f0xx_adc.o
ADC_GetCalibrationFactor                          Libraries\STM32F0xx_StdPeriph_Driver\src\stm32f0xx_adc.o
ADC_GetConversionValue                            Libraries\STM32F0xx_StdPeriph_Driver\src\stm32f0xx_adc.o
ADC_GetFlagStatus                                 Libraries\STM32F0xx_StdPeriph_Driver\src\stm32f0xx_adc.o
ADC_GetITStatus                                   Libraries\STM32F0xx_StdPeriph_Driver\src\stm32f0xx_adc.o
ADC_ITConfig                                      Libraries\STM32F0xx_StdPeriph_Driver\src\stm32f0xx_adc.o
ADC_Init                                          Libraries\STM32F0xx_StdPeriph_Driver\src\stm32f0xx_adc.o
ADC_JitterCmd                                     Libraries\STM32F0xx_StdPeriph_Driver\src\stm32f0xx_adc.o
ADC_OverrunModeCmd                                Libraries\STM32F0xx_StdPeriph_Driver\src\stm32f0xx_adc.o
ADC_StartOfConversion                             Libraries\STM32F0xx_StdPeriph_Driver\src\stm32f0xx_adc.o
ADC_StopOfConversion                              Libraries\STM32F0xx_StdPeriph_Driver\src\stm32f0xx_adc.o
ADC_StructInit                                    Libraries\STM32F0xx_StdPeriph_Driver\src\stm32f0xx_adc.o
ADC_TempSensorCmd                                 Libraries\STM32F0xx_StdPeriph_Driver\src\stm32f0xx_adc.o
ADC_VbatCmd                                       Libraries\STM32F0xx_StdPeriph_Driver\src\stm32f0xx_adc.o
ADC_VrefintCmd                                    Libraries\STM32F0xx_StdPeriph_Driver\src\stm32f0xx_adc.o
ADC_WaitModeCmd                                   Libraries\STM32F0xx_StdPeriph_Driver\src\stm32f0xx_adc.o
AHBPrescTable                                     src\system_stm32f0xx.o
CAN_CancelTransmit                                Libraries\STM32F0xx_StdPeriph_Driver\src\stm32f0xx_can.o
CAN_ClearFlag                                     Libraries\STM32F0xx_StdPeriph_Driver\src\stm32f0xx_can.o
CAN_ClearITPendingBit                             Libraries\STM32F0xx_StdPeriph_Driver\src\stm32f0xx_can.o
CAN_DBGFreeze                                     Libraries\STM32F0xx_StdPeriph_Driver\src\stm32f0xx_can.o
CAN_DeInit                                        Libraries\STM32F0xx_StdPeriph_Driver\src\stm32f0xx_can.o
CAN_FIFORelease                                   Libraries\STM32F0xx_StdPeriph_Driver\src\stm32f0xx_can.o
CAN_FilterInit                                    Libraries\STM32F0xx_StdPeriph_Driver\src\stm32f0xx_can.o
CAN_GetFlagStatus                                 Libraries\STM32F0xx_StdPeriph_Driver\src\stm32f0xx_can.o
CAN_GetITStatus                                   Libraries\STM32F0xx_StdPeriph_Driver\src\stm32f0xx_can.o
CAN_GetLSBTransmitErrorCounter                    Libraries\STM32F0xx_StdPeriph_Driver\src\stm32f0xx_can.o
CAN_GetLastErrorCode                              Libraries\STM32F0xx_StdPeriph_Driver\src\stm32f0xx_can.o
CAN_GetReceiveErrorCounter                        Libraries\STM32F0xx_StdPeriph_Driver\src\stm32f0xx_can.o
CAN_ITConfig                                      Libraries\STM32F0xx_StdPeriph_Driver\src\stm32f0xx_can.o
CAN_Init                                          Libraries\STM32F0xx_StdPeriph_Driver\src\stm32f0xx_can.o
CAN_MessagePending                                Libraries\STM32F0xx_StdPeriph_Driver\src\stm32f0xx_can.o
CAN_OperatingModeRequest                          Libraries\STM32F0xx_StdPeriph_Driver\src\stm32f0xx_can.o
CAN_Receive                                       Libraries\STM32F0xx_StdPeriph_Driver\src\stm32f0xx_can.o
CAN_SlaveStartBank                                Libraries\STM32F0xx_StdPeriph_Driver\src\stm32f0xx_can.o
CAN_Sleep                                         Libraries\STM32F0xx_StdPeriph_Driver\src\stm32f0xx_can.o
CAN_StructInit                                    Libraries\STM32F0xx_StdPeriph_Driver\src\stm32f0xx_can.o
CAN_TTComModeCmd                                  Libraries\STM32F0xx_StdPeriph_Driver\src\stm32f0xx_can.o
CAN_Transmit                                      Libraries\STM32F0xx_StdPeriph_Driver\src\stm32f0xx_can.o
CAN_TransmitStatus                                Libraries\STM32F0xx_StdPeriph_Driver\src\stm32f0xx_can.o
CAN_WakeUp                                        Libraries\STM32F0xx_StdPeriph_Driver\src\stm32f0xx_can.o
CEC_ClearFlag                                     Libraries\STM32F0xx_StdPeriph_Driver\src\stm32f0xx_cec.o
CEC_ClearITPendingBit                             Libraries\STM32F0xx_StdPeriph_Driver\src\stm32f0xx_cec.o
CEC_Cmd                                           Libraries\STM32F0xx_StdPeriph_Driver\src\stm32f0xx_cec.o
CEC_DeInit                                        Libraries\STM32F0xx_StdPeriph_Driver\src\stm32f0xx_cec.o
CEC_EndOfMessage                                  Libraries\STM32F0xx_StdPeriph_Driver\src\stm32f0xx_cec.o
CEC_GetFlagStatus                                 Libraries\STM32F0xx_StdPeriph_Driver\src\stm32f0xx_cec.o
CEC_GetITStatus                                   Libraries\STM32F0xx_StdPeriph_Driver\src\stm32f0xx_cec.o
CEC_ITConfig                                      Libraries\STM32F0xx_StdPeriph_Driver\src\stm32f0xx_cec.o
CEC_Init                                          Libraries\STM32F0xx_StdPeriph_Driver\src\stm32f0xx_cec.o
CEC_ListenModeCmd                                 Libraries\STM32F0xx_StdPeriph_Driver\src\stm32f0xx_cec.o
CEC_OwnAddressClear                               Libraries\STM32F0xx_StdPeriph_Driver\src\stm32f0xx_cec.o
CEC_OwnAddressConfig                              Libraries\STM32F0xx_StdPeriph_Driver\src\stm32f0xx_cec.o
CEC_ReceiveData                                   Libraries\STM32F0xx_StdPeriph_Driver\src\stm32f0xx_cec.o
CEC_SendData                                      Libraries\STM32F0xx_StdPeriph_Driver\src\stm32f0xx_cec.o
CEC_StartOfMessage                                Libraries\STM32F0xx_StdPeriph_Driver\src\stm32f0xx_cec.o
CEC_StructInit                                    Libraries\STM32F0xx_StdPeriph_Driver\src\stm32f0xx_cec.o
COMP_Cmd                                          Libraries\STM32F0xx_StdPeriph_Driver\src\stm32f0xx_comp.o
COMP_DeInit                                       Libraries\STM32F0xx_StdPeriph_Driver\src\stm32f0xx_comp.o
COMP_GetOutputLevel                               Libraries\STM32F0xx_StdPeriph_Driver\src\stm32f0xx_comp.o
COMP_Init                                         Libraries\STM32F0xx_StdPeriph_Driver\src\stm32f0xx_comp.o
COMP_LockConfig                                   Libraries\STM32F0xx_StdPeriph_Driver\src\stm32f0xx_comp.o
COMP_StructInit                                   Libraries\STM32F0xx_StdPeriph_Driver\src\stm32f0xx_comp.o
COMP_SwitchCmd                                    Libraries\STM32F0xx_StdPeriph_Driver\src\stm32f0xx_comp.o
COMP_WindowCmd                                    Libraries\STM32F0xx_StdPeriph_Driver\src\stm32f0xx_comp.o
CRC_CalcBlockCRC                                  Libraries\STM32F0xx_StdPeriph_Driver\src\stm32f0xx_crc.o
CRC_CalcCRC                                       Libraries\STM32F0xx_StdPeriph_Driver\src\stm32f0xx_crc.o
CRC_CalcCRC16bits                                 Libraries\STM32F0xx_StdPeriph_Driver\src\stm32f0xx_crc.o
CRC_CalcCRC8bits                                  Libraries\STM32F0xx_StdPeriph_Driver\src\stm32f0xx_crc.o
CRC_DeInit                                        Libraries\STM32F0xx_StdPeriph_Driver\src\stm32f0xx_crc.o
CRC_GetCRC                                        Libraries\STM32F0xx_StdPeriph_Driver\src\stm32f0xx_crc.o
CRC_GetIDRegister                                 Libraries\STM32F0xx_StdPeriph_Driver\src\stm32f0xx_crc.o
CRC_PolynomialSizeSelect                          Libraries\STM32F0xx_StdPeriph_Driver\src\stm32f0xx_crc.o
CRC_ResetDR                                       Libraries\STM32F0xx_StdPeriph_Driver\src\stm32f0xx_crc.o
CRC_ReverseInputDataSelect                        Libraries\STM32F0xx_StdPeriph_Driver\src\stm32f0xx_crc.o
CRC_ReverseOutputDataCmd                          Libraries\STM32F0xx_StdPeriph_Driver\src\stm32f0xx_crc.o
CRC_SetIDRegister                                 Libraries\STM32F0xx_StdPeriph_Driver\src\stm32f0xx_crc.o
CRC_SetInitRegister                               Libraries\STM32F0xx_StdPeriph_Driver\src\stm32f0xx_crc.o
CRC_SetPolynomial                                 Libraries\STM32F0xx_StdPeriph_Driver\src\stm32f0xx_crc.o
CRS_AdjustHSI48CalibrationValue                   Libraries\STM32F0xx_StdPeriph_Driver\src\stm32f0xx_crs.o
CRS_AutomaticCalibrationCmd                       Libraries\STM32F0xx_StdPeriph_Driver\src\stm32f0xx_crs.o
CRS_ClearFlag                                     Libraries\STM32F0xx_StdPeriph_Driver\src\stm32f0xx_crs.o
CRS_ClearITPendingBit                             Libraries\STM32F0xx_StdPeriph_Driver\src\stm32f0xx_crs.o
CRS_DeInit                                        Libraries\STM32F0xx_StdPeriph_Driver\src\stm32f0xx_crs.o
CRS_FrequencyErrorCounterCmd                      Libraries\STM32F0xx_StdPeriph_Driver\src\stm32f0xx_crs.o
CRS_FrequencyErrorCounterReload                   Libraries\STM32F0xx_StdPeriph_Driver\src\stm32f0xx_crs.o
CRS_FrequencyErrorLimitConfig                     Libraries\STM32F0xx_StdPeriph_Driver\src\stm32f0xx_crs.o
CRS_GetFlagStatus                                 Libraries\STM32F0xx_StdPeriph_Driver\src\stm32f0xx_crs.o
CRS_GetFrequencyErrorDirection                    Libraries\STM32F0xx_StdPeriph_Driver\src\stm32f0xx_crs.o
CRS_GetFrequencyErrorValue                        Libraries\STM32F0xx_StdPeriph_Driver\src\stm32f0xx_crs.o
CRS_GetHSI48CalibrationValue                      Libraries\STM32F0xx_StdPeriph_Driver\src\stm32f0xx_crs.o
CRS_GetITStatus                                   Libraries\STM32F0xx_StdPeriph_Driver\src\stm32f0xx_crs.o
CRS_GetReloadValue                                Libraries\STM32F0xx_StdPeriph_Driver\src\stm32f0xx_crs.o
CRS_ITConfig                                      Libraries\STM32F0xx_StdPeriph_Driver\src\stm32f0xx_crs.o
CRS_SoftwareSynchronizationGenerate               Libraries\STM32F0xx_StdPeriph_Driver\src\stm32f0xx_crs.o
CRS_SynchronizationPolarityConfig                 Libraries\STM32F0xx_StdPeriph_Driver\src\stm32f0xx_crs.o
CRS_SynchronizationPrescalerConfig                Libraries\STM32F0xx_StdPeriph_Driver\src\stm32f0xx_crs.o
CRS_SynchronizationSourceConfig                   Libraries\STM32F0xx_StdPeriph_Driver\src\stm32f0xx_crs.o
DAC_ClearFlag                                     Libraries\STM32F0xx_StdPeriph_Driver\src\stm32f0xx_dac.o
DAC_ClearITPendingBit                             Libraries\STM32F0xx_StdPeriph_Driver\src\stm32f0xx_dac.o
DAC_Cmd                                           Libraries\STM32F0xx_StdPeriph_Driver\src\stm32f0xx_dac.o
DAC_DMACmd                                        Libraries\STM32F0xx_StdPeriph_Driver\src\stm32f0xx_dac.o
DAC_DeInit                                        Libraries\STM32F0xx_StdPeriph_Driver\src\stm32f0xx_dac.o
DAC_DualSoftwareTriggerCmd                        Libraries\STM32F0xx_StdPeriph_Driver\src\stm32f0xx_dac.o
DAC_GetDataOutputValue                            Libraries\STM32F0xx_StdPeriph_Driver\src\stm32f0xx_dac.o
DAC_GetFlagStatus                                 Libraries\STM32F0xx_StdPeriph_Driver\src\stm32f0xx_dac.o
DAC_GetITStatus                                   Libraries\STM32F0xx_StdPeriph_Driver\src\stm32f0xx_dac.o
DAC_ITConfig                                      Libraries\STM32F0xx_StdPeriph_Driver\src\stm32f0xx_dac.o
DAC_Init                                          Libraries\STM32F0xx_StdPeriph_Driver\src\stm32f0xx_dac.o
DAC_SetChannel1Data                               Libraries\STM32F0xx_StdPeriph_Driver\src\stm32f0xx_dac.o
DAC_SetChannel2Data                               Libraries\STM32F0xx_StdPeriph_Driver\src\stm32f0xx_dac.o
DAC_SetDualChannelData                            Libraries\STM32F0xx_StdPeriph_Driver\src\stm32f0xx_dac.o
DAC_SoftwareTriggerCmd                            Libraries\STM32F0xx_StdPeriph_Driver\src\stm32f0xx_dac.o
DAC_StructInit                                    Libraries\STM32F0xx_StdPeriph_Driver\src\stm32f0xx_dac.o
DAC_WaveGenerationCmd                             Libraries\STM32F0xx_StdPeriph_Driver\src\stm32f0xx_dac.o
DBGMCU_APB1PeriphConfig                           Libraries\STM32F0xx_StdPeriph_Driver\src\stm32f0xx_dbgmcu.o
DBGMCU_APB2PeriphConfig                           Libraries\STM32F0xx_StdPeriph_Driver\src\stm32f0xx_dbgmcu.o
DBGMCU_Config                                     Libraries\STM32F0xx_StdPeriph_Driver\src\stm32f0xx_dbgmcu.o
DBGMCU_GetDEVID                                   Libraries\STM32F0xx_StdPeriph_Driver\src\stm32f0xx_dbgmcu.o
DBGMCU_GetREVID                                   Libraries\STM32F0xx_StdPeriph_Driver\src\stm32f0xx_dbgmcu.o
DMA1_Channel1_IRQHandler                          startup\startup_stm32f030.o
DMA1_Channel2_3_IRQHandler                        startup\startup_stm32f030.o
DMA1_Channel4_5_IRQHandler                        startup\startup_stm32f030.o
DMA_ClearFlag                                     Libraries\STM32F0xx_StdPeriph_Driver\src\stm32f0xx_dma.o
DMA_ClearITPendingBit                             Libraries\STM32F0xx_StdPeriph_Driver\src\stm32f0xx_dma.o
DMA_Cmd                                           Libraries\STM32F0xx_StdPeriph_Driver\src\stm32f0xx_dma.o
DMA_DeInit                                        Libraries\STM32F0xx_StdPeriph_Driver\src\stm32f0xx_dma.o
DMA_GetCurrDataCounter                            Libraries\STM32F0xx_StdPeriph_Driver\src\stm32f0xx_dma.o
DMA_GetFlagStatus                                 Libraries\STM32F0xx_StdPeriph_Driver\src\stm32f0xx_dma.o
DMA_GetITStatus                                   Libraries\STM32F0xx_StdPeriph_Driver\src\stm32f0xx_dma.o
DMA_ITConfig                                      Libraries\STM32F0xx_StdPeriph_Driver\src\stm32f0xx_dma.o
DMA_Init                                          Libraries\STM32F0xx_StdPeriph_Driver\src\stm32f0xx_dma.o
DMA_RemapConfig                                   Libraries\STM32F0xx_StdPeriph_Driver\src\stm32f0xx_dma.o
DMA_SetCurrDataCounter                            Libraries\STM32F0xx_StdPeriph_Driver\src\stm32f0xx_dma.o
DMA_StructInit                                    Libraries\STM32F0xx_StdPeriph_Driver\src\stm32f0xx_dma.o
Default_Handler                                   startup\startup_stm32f030.o
EXTI0_1_IRQHandler                                startup\startup_stm32f030.o
EXTI2_3_IRQHandler                                startup\startup_stm32f030.o
EXTI4_15_IRQHandler                               startup\startup_stm32f030.o
EXTI_ClearFlag                                    Libraries\STM32F0xx_StdPeriph_Driver\src\stm32f0xx_exti.o
EXTI_ClearITPendingBit                            Libraries\STM32F0xx_StdPeriph_Driver\src\stm32f0xx_exti.o
EXTI_DeInit                                       Libraries\STM32F0xx_StdPeriph_Driver\src\stm32f0xx_exti.o
EXTI_GenerateSWInterrupt                          Libraries\STM32F0xx_StdPeriph_Driver\src\stm32f0xx_exti.o
EXTI_GetFlagStatus                                Libraries\STM32F0xx_StdPeriph_Driver\src\stm32f0xx_exti.o
EXTI_GetITStatus                                  Libraries\STM32F0xx_StdPeriph_Driver\src\stm32f0xx_exti.o
EXTI_Init                                         Libraries\STM32F0xx_StdPeriph_Driver\src\stm32f0xx_exti.o
EXTI_StructInit                                   Libraries\STM32F0xx_StdPeriph_Driver\src\stm32f0xx_exti.o
FLASH_ClearFlag                                   Libraries\STM32F0xx_StdPeriph_Driver\src\stm32f0xx_flash.o
FLASH_EraseAllPages                               Libraries\STM32F0xx_StdPeriph_Driver\src\stm32f0xx_flash.o
FLASH_ErasePage                                   Libraries\STM32F0xx_StdPeriph_Driver\src\stm32f0xx_flash.o
FLASH_GetFlagStatus                               Libraries\STM32F0xx_StdPeriph_Driver\src\stm32f0xx_flash.o
FLASH_GetPrefetchBufferStatus                     Libraries\STM32F0xx_StdPeriph_Driver\src\stm32f0xx_flash.o
FLASH_GetStatus                                   Libraries\STM32F0xx_StdPeriph_Driver\src\stm32f0xx_flash.o
FLASH_IRQHandler                                  startup\startup_stm32f030.o
FLASH_ITConfig                                    Libraries\STM32F0xx_StdPeriph_Driver\src\stm32f0xx_flash.o
FLASH_Lock                                        Libraries\STM32F0xx_StdPeriph_Driver\src\stm32f0xx_flash.o
FLASH_OB_BOOT0Config                              Libraries\STM32F0xx_StdPeriph_Driver\src\stm32f0xx_flash.o
FLASH_OB_BOOT0SWConfig                            Libraries\STM32F0xx_StdPeriph_Driver\src\stm32f0xx_flash.o
FLASH_OB_BOOTConfig                               Libraries\STM32F0xx_StdPeriph_Driver\src\stm32f0xx_flash.o
FLASH_OB_EnableWRP                                Libraries\STM32F0xx_StdPeriph_Driver\src\stm32f0xx_flash.o
FLASH_OB_Erase                                    Libraries\STM32F0xx_StdPeriph_Driver\src\stm32f0xx_flash.o
FLASH_OB_GetRDP                                   Libraries\STM32F0xx_StdPeriph_Driver\src\stm32f0xx_flash.o
FLASH_OB_GetUser                                  Libraries\STM32F0xx_StdPeriph_Driver\src\stm32f0xx_flash.o
FLASH_OB_GetWRP                                   Libraries\STM32F0xx_StdPeriph_Driver\src\stm32f0xx_flash.o
FLASH_OB_Launch                                   Libraries\STM32F0xx_StdPeriph_Driver\src\stm32f0xx_flash.o
FLASH_OB_Lock                                     Libraries\STM32F0xx_StdPeriph_Driver\src\stm32f0xx_flash.o
FLASH_OB_ProgramData                              Libraries\STM32F0xx_StdPeriph_Driver\src\stm32f0xx_flash.o
FLASH_OB_RDPConfig                                Libraries\STM32F0xx_StdPeriph_Driver\src\stm32f0xx_flash.o
FLASH_OB_SRAMParityConfig                         Libraries\STM32F0xx_StdPeriph_Driver\src\stm32f0xx_flash.o
FLASH_OB_Unlock                                   Libraries\STM32F0xx_StdPeriph_Driver\src\stm32f0xx_flash.o
FLASH_OB_UserConfig                               Libraries\STM32F0xx_StdPeriph_Driver\src\stm32f0xx_flash.o
FLASH_OB_VDDAConfig                               Libraries\STM32F0xx_StdPeriph_Driver\src\stm32f0xx_flash.o
FLASH_OB_WriteUser                                Libraries\STM32F0xx_StdPeriph_Driver\src\stm32f0xx_flash.o
FLASH_PrefetchBufferCmd                           Libraries\STM32F0xx_StdPeriph_Driver\src\stm32f0xx_flash.o
FLASH_ProgramHalfWord                             Libraries\STM32F0xx_StdPeriph_Driver\src\stm32f0xx_flash.o
FLASH_ProgramWord                                 Libraries\STM32F0xx_StdPeriph_Driver\src\stm32f0xx_flash.o
FLASH_SetLatency                                  Libraries\STM32F0xx_StdPeriph_Driver\src\stm32f0xx_flash.o
FLASH_Unlock                                      Libraries\STM32F0xx_StdPeriph_Driver\src\stm32f0xx_flash.o
FLASH_WaitForLastOperation                        Libraries\STM32F0xx_StdPeriph_Driver\src\stm32f0xx_flash.o
GPIO_DeInit                                       Libraries\STM32F0xx_StdPeriph_Driver\src\stm32f0xx_gpio.o
GPIO_Init                                         Libraries\STM32F0xx_StdPeriph_Driver\src\stm32f0xx_gpio.o
                                                  src\main.o
GPIO_InitStructure                                src\main.o
GPIO_PinAFConfig                                  Libraries\STM32F0xx_StdPeriph_Driver\src\stm32f0xx_gpio.o
GPIO_PinLockConfig                                Libraries\STM32F0xx_StdPeriph_Driver\src\stm32f0xx_gpio.o
GPIO_ReadInputData                                Libraries\STM32F0xx_StdPeriph_Driver\src\stm32f0xx_gpio.o
GPIO_ReadInputDataBit                             Libraries\STM32F0xx_StdPeriph_Driver\src\stm32f0xx_gpio.o
GPIO_ReadOutputData                               Libraries\STM32F0xx_StdPeriph_Driver\src\stm32f0xx_gpio.o
GPIO_ReadOutputDataBit                            Libraries\STM32F0xx_StdPeriph_Driver\src\stm32f0xx_gpio.o
GPIO_ResetBits                                    Libraries\STM32F0xx_StdPeriph_Driver\src\stm32f0xx_gpio.o
GPIO_SetBits                                      Libraries\STM32F0xx_StdPeriph_Driver\src\stm32f0xx_gpio.o
GPIO_StructInit                                   Libraries\STM32F0xx_StdPeriph_Driver\src\stm32f0xx_gpio.o
GPIO_ToggleBit                                    Libraries\STM32F0xx_StdPeriph_Driver\src\stm32f0xx_gpio.o
                                                  src\main.o
GPIO_Write                                        Libraries\STM32F0xx_StdPeriph_Driver\src\stm32f0xx_gpio.o
GPIO_WriteBit                                     Libraries\STM32F0xx_StdPeriph_Driver\src\stm32f0xx_gpio.o
HardFault_Handler                                 src\stm32f0xx_it.o
I2C1_IRQHandler                                   startup\startup_stm32f030.o
I2C2_IRQHandler                                   startup\startup_stm32f030.o
I2C_10BitAddressHeaderCmd                         Libraries\STM32F0xx_StdPeriph_Driver\src\stm32f0xx_i2c.o
I2C_10BitAddressingModeCmd                        Libraries\STM32F0xx_StdPeriph_Driver\src\stm32f0xx_i2c.o
I2C_AcknowledgeConfig                             Libraries\STM32F0xx_StdPeriph_Driver\src\stm32f0xx_i2c.o
I2C_AutoEndCmd                                    Libraries\STM32F0xx_StdPeriph_Driver\src\stm32f0xx_i2c.o
I2C_CalculatePEC                                  Libraries\STM32F0xx_StdPeriph_Driver\src\stm32f0xx_i2c.o
I2C_ClearFlag                                     Libraries\STM32F0xx_StdPeriph_Driver\src\stm32f0xx_i2c.o
I2C_ClearITPendingBit                             Libraries\STM32F0xx_StdPeriph_Driver\src\stm32f0xx_i2c.o
I2C_ClockTimeoutCmd                               Libraries\STM32F0xx_StdPeriph_Driver\src\stm32f0xx_i2c.o
I2C_Cmd                                           Libraries\STM32F0xx_StdPeriph_Driver\src\stm32f0xx_i2c.o
I2C_DMACmd                                        Libraries\STM32F0xx_StdPeriph_Driver\src\stm32f0xx_i2c.o
I2C_DeInit                                        Libraries\STM32F0xx_StdPeriph_Driver\src\stm32f0xx_i2c.o
I2C_DualAddressCmd                                Libraries\STM32F0xx_StdPeriph_Driver\src\stm32f0xx_i2c.o
I2C_ExtendedClockTimeoutCmd                       Libraries\STM32F0xx_StdPeriph_Driver\src\stm32f0xx_i2c.o
I2C_GeneralCallCmd                                Libraries\STM32F0xx_StdPeriph_Driver\src\stm32f0xx_i2c.o
I2C_GenerateSTART                                 Libraries\STM32F0xx_StdPeriph_Driver\src\stm32f0xx_i2c.o
I2C_GenerateSTOP                                  Libraries\STM32F0xx_StdPeriph_Driver\src\stm32f0xx_i2c.o
I2C_GetAddressMatched                             Libraries\STM32F0xx_StdPeriph_Driver\src\stm32f0xx_i2c.o
I2C_GetFlagStatus                                 Libraries\STM32F0xx_StdPeriph_Driver\src\stm32f0xx_i2c.o
I2C_GetITStatus                                   Libraries\STM32F0xx_StdPeriph_Driver\src\stm32f0xx_i2c.o
I2C_GetPEC                                        Libraries\STM32F0xx_StdPeriph_Driver\src\stm32f0xx_i2c.o
I2C_GetTransferDirection                          Libraries\STM32F0xx_StdPeriph_Driver\src\stm32f0xx_i2c.o
I2C_ITConfig                                      Libraries\STM32F0xx_StdPeriph_Driver\src\stm32f0xx_i2c.o
I2C_IdleClockTimeoutCmd                           Libraries\STM32F0xx_StdPeriph_Driver\src\stm32f0xx_i2c.o
I2C_Init                                          Libraries\STM32F0xx_StdPeriph_Driver\src\stm32f0xx_i2c.o
I2C_MasterRequestConfig                           Libraries\STM32F0xx_StdPeriph_Driver\src\stm32f0xx_i2c.o
I2C_NumberOfBytesConfig                           Libraries\STM32F0xx_StdPeriph_Driver\src\stm32f0xx_i2c.o
I2C_OwnAddress2Config                             Libraries\STM32F0xx_StdPeriph_Driver\src\stm32f0xx_i2c.o
I2C_PECRequestCmd                                 Libraries\STM32F0xx_StdPeriph_Driver\src\stm32f0xx_i2c.o
I2C_ReadRegister                                  Libraries\STM32F0xx_StdPeriph_Driver\src\stm32f0xx_i2c.o
I2C_ReceiveData                                   Libraries\STM32F0xx_StdPeriph_Driver\src\stm32f0xx_i2c.o
I2C_ReloadCmd                                     Libraries\STM32F0xx_StdPeriph_Driver\src\stm32f0xx_i2c.o
I2C_SMBusAlertCmd                                 Libraries\STM32F0xx_StdPeriph_Driver\src\stm32f0xx_i2c.o
I2C_SendData                                      Libraries\STM32F0xx_StdPeriph_Driver\src\stm32f0xx_i2c.o
I2C_SlaveAddressConfig                            Libraries\STM32F0xx_StdPeriph_Driver\src\stm32f0xx_i2c.o
I2C_SlaveByteControlCmd                           Libraries\STM32F0xx_StdPeriph_Driver\src\stm32f0xx_i2c.o
I2C_SoftwareResetCmd                              Libraries\STM32F0xx_StdPeriph_Driver\src\stm32f0xx_i2c.o
I2C_StopModeCmd                                   Libraries\STM32F0xx_StdPeriph_Driver\src\stm32f0xx_i2c.o
I2C_StretchClockCmd                               Libraries\STM32F0xx_StdPeriph_Driver\src\stm32f0xx_i2c.o
I2C_StructInit                                    Libraries\STM32F0xx_StdPeriph_Driver\src\stm32f0xx_i2c.o
I2C_TimeoutAConfig                                Libraries\STM32F0xx_StdPeriph_Driver\src\stm32f0xx_i2c.o
I2C_TimeoutBConfig                                Libraries\STM32F0xx_StdPeriph_Driver\src\stm32f0xx_i2c.o
I2C_TransferHandling                              Libraries\STM32F0xx_StdPeriph_Driver\src\stm32f0xx_i2c.o
I2S_Cmd                                           Libraries\STM32F0xx_StdPeriph_Driver\src\stm32f0xx_spi.o
I2S_Init                                          Libraries\STM32F0xx_StdPeriph_Driver\src\stm32f0xx_spi.o
I2S_StructInit                                    Libraries\STM32F0xx_StdPeriph_Driver\src\stm32f0xx_spi.o
IWDG_Enable                                       Libraries\STM32F0xx_StdPeriph_Driver\src\stm32f0xx_iwdg.o
IWDG_GetFlagStatus                                Libraries\STM32F0xx_StdPeriph_Driver\src\stm32f0xx_iwdg.o
IWDG_ReloadCounter                                Libraries\STM32F0xx_StdPeriph_Driver\src\stm32f0xx_iwdg.o
IWDG_SetPrescaler                                 Libraries\STM32F0xx_StdPeriph_Driver\src\stm32f0xx_iwdg.o
IWDG_SetReload                                    Libraries\STM32F0xx_StdPeriph_Driver\src\stm32f0xx_iwdg.o
IWDG_SetWindowValue                               Libraries\STM32F0xx_StdPeriph_Driver\src\stm32f0xx_iwdg.o
IWDG_WriteAccessCmd                               Libraries\STM32F0xx_StdPeriph_Driver\src\stm32f0xx_iwdg.o
NMI_Handler                                       src\stm32f0xx_it.o
NVIC_Init                                         Libraries\STM32F0xx_StdPeriph_Driver\src\stm32f0xx_misc.o
NVIC_SystemLPConfig                               Libraries\STM32F0xx_StdPeriph_Driver\src\stm32f0xx_misc.o
PWR_BackupAccessCmd                               Libraries\STM32F0xx_StdPeriph_Driver\src\stm32f0xx_pwr.o
PWR_ClearFlag                                     Libraries\STM32F0xx_StdPeriph_Driver\src\stm32f0xx_pwr.o
PWR_DeInit                                        Libraries\STM32F0xx_StdPeriph_Driver\src\stm32f0xx_pwr.o
PWR_EnterSTANDBYMode                              Libraries\STM32F0xx_StdPeriph_Driver\src\stm32f0xx_pwr.o
PWR_EnterSTOPMode                                 Libraries\STM32F0xx_StdPeriph_Driver\src\stm32f0xx_pwr.o
PWR_EnterSleepMode                                Libraries\STM32F0xx_StdPeriph_Driver\src\stm32f0xx_pwr.o
PWR_GetFlagStatus                                 Libraries\STM32F0xx_StdPeriph_Driver\src\stm32f0xx_pwr.o
PWR_PVDCmd                                        Libraries\STM32F0xx_StdPeriph_Driver\src\stm32f0xx_pwr.o
PWR_PVDLevelConfig                                Libraries\STM32F0xx_StdPeriph_Driver\src\stm32f0xx_pwr.o
PWR_WakeUpPinCmd                                  Libraries\STM32F0xx_StdPeriph_Driver\src\stm32f0xx_pwr.o
PendSV_Handler                                    src\stm32f0xx_it.o
RCC_ADCCLKConfig                                  Libraries\STM32F0xx_StdPeriph_Driver\src\stm32f0xx_rcc.o
RCC_AHBPeriphClockCmd                             Libraries\STM32F0xx_StdPeriph_Driver\src\stm32f0xx_rcc.o
                                                  src\main.o
RCC_AHBPeriphResetCmd                             Libraries\STM32F0xx_StdPeriph_Driver\src\stm32f0xx_rcc.o
                                                  Libraries\STM32F0xx_StdPeriph_Driver\src\stm32f0xx_gpio.o
RCC_APB1PeriphClockCmd                            Libraries\STM32F0xx_StdPeriph_Driver\src\stm32f0xx_rcc.o
RCC_APB1PeriphResetCmd                            Libraries\STM32F0xx_StdPeriph_Driver\src\stm32f0xx_rcc.o
                                                  Libraries\STM32F0xx_StdPeriph_Driver\src\stm32f0xx_wwdg.o
                                                  Libraries\STM32F0xx_StdPeriph_Driver\src\stm32f0xx_usart.o
                                                  Libraries\STM32F0xx_StdPeriph_Driver\src\stm32f0xx_tim.o
                                                  Libraries\STM32F0xx_StdPeriph_Driver\src\stm32f0xx_spi.o
                                                  Libraries\STM32F0xx_StdPeriph_Driver\src\stm32f0xx_pwr.o
                                                  Libraries\STM32F0xx_StdPeriph_Driver\src\stm32f0xx_i2c.o
                                                  Libraries\STM32F0xx_StdPeriph_Driver\src\stm32f0xx_dac.o
                                                  Libraries\STM32F0xx_StdPeriph_Driver\src\stm32f0xx_crs.o
                                                  Libraries\STM32F0xx_StdPeriph_Driver\src\stm32f0xx_cec.o
                                                  Libraries\STM32F0xx_StdPeriph_Driver\src\stm32f0xx_can.o
RCC_APB2PeriphClockCmd                            Libraries\STM32F0xx_StdPeriph_Driver\src\stm32f0xx_rcc.o
RCC_APB2PeriphResetCmd                            Libraries\STM32F0xx_StdPeriph_Driver\src\stm32f0xx_rcc.o
                                                  Libraries\STM32F0xx_StdPeriph_Driver\src\stm32f0xx_usart.o
                                                  Libraries\STM32F0xx_StdPeriph_Driver\src\stm32f0xx_tim.o
                                                  Libraries\STM32F0xx_StdPeriph_Driver\src\stm32f0xx_spi.o
                                                  Libraries\STM32F0xx_StdPeriph_Driver\src\stm32f0xx_adc.o
RCC_AdjustHSI14CalibrationValue                   Libraries\STM32F0xx_StdPeriph_Driver\src\stm32f0xx_rcc.o
RCC_AdjustHSICalibrationValue                     Libraries\STM32F0xx_StdPeriph_Driver\src\stm32f0xx_rcc.o
RCC_BackupResetCmd                                Libraries\STM32F0xx_StdPeriph_Driver\src\stm32f0xx_rcc.o
RCC_CECCLKConfig                                  Libraries\STM32F0xx_StdPeriph_Driver\src\stm32f0xx_rcc.o
RCC_ClearFlag                                     Libraries\STM32F0xx_StdPeriph_Driver\src\stm32f0xx_rcc.o
RCC_ClearITPendingBit                             Libraries\STM32F0xx_StdPeriph_Driver\src\stm32f0xx_rcc.o
RCC_ClockSecuritySystemCmd                        Libraries\STM32F0xx_StdPeriph_Driver\src\stm32f0xx_rcc.o
RCC_DeInit                                        Libraries\STM32F0xx_StdPeriph_Driver\src\stm32f0xx_rcc.o
RCC_GetClocksFreq                                 Libraries\STM32F0xx_StdPeriph_Driver\src\stm32f0xx_rcc.o
                                                  Libraries\STM32F0xx_StdPeriph_Driver\src\stm32f0xx_usart.o
                                                  Libraries\STM32F0xx_StdPeriph_Driver\src\stm32f0xx_spi.o
RCC_GetFlagStatus                                 Libraries\STM32F0xx_StdPeriph_Driver\src\stm32f0xx_rcc.o
RCC_GetITStatus                                   Libraries\STM32F0xx_StdPeriph_Driver\src\stm32f0xx_rcc.o
RCC_GetSYSCLKSource                               Libraries\STM32F0xx_StdPeriph_Driver\src\stm32f0xx_rcc.o
RCC_HCLKConfig                                    Libraries\STM32F0xx_StdPeriph_Driver\src\stm32f0xx_rcc.o
RCC_HSEConfig                                     Libraries\STM32F0xx_StdPeriph_Driver\src\stm32f0xx_rcc.o
RCC_HSI14ADCRequestCmd                            Libraries\STM32F0xx_StdPeriph_Driver\src\stm32f0xx_rcc.o
RCC_HSI14Cmd                                      Libraries\STM32F0xx_StdPeriph_Driver\src\stm32f0xx_rcc.o
RCC_HSI48Cmd                                      Libraries\STM32F0xx_StdPeriph_Driver\src\stm32f0xx_rcc.o
RCC_HSICmd                                        Libraries\STM32F0xx_StdPeriph_Driver\src\stm32f0xx_rcc.o
RCC_I2CCLKConfig                                  Libraries\STM32F0xx_StdPeriph_Driver\src\stm32f0xx_rcc.o
RCC_IRQHandler                                    startup\startup_stm32f030.o
RCC_ITConfig                                      Libraries\STM32F0xx_StdPeriph_Driver\src\stm32f0xx_rcc.o
RCC_LSEConfig                                     Libraries\STM32F0xx_StdPeriph_Driver\src\stm32f0xx_rcc.o
RCC_LSEDriveConfig                                Libraries\STM32F0xx_StdPeriph_Driver\src\stm32f0xx_rcc.o
RCC_LSICmd                                        Libraries\STM32F0xx_StdPeriph_Driver\src\stm32f0xx_rcc.o
RCC_MCOConfig                                     Libraries\STM32F0xx_StdPeriph_Driver\src\stm32f0xx_rcc.o
RCC_PCLKConfig                                    Libraries\STM32F0xx_StdPeriph_Driver\src\stm32f0xx_rcc.o
RCC_PLLCmd                                        Libraries\STM32F0xx_StdPeriph_Driver\src\stm32f0xx_rcc.o
RCC_PLLConfig                                     Libraries\STM32F0xx_StdPeriph_Driver\src\stm32f0xx_rcc.o
RCC_PREDIV1Config                                 Libraries\STM32F0xx_StdPeriph_Driver\src\stm32f0xx_rcc.o
RCC_RTCCLKCmd                                     Libraries\STM32F0xx_StdPeriph_Driver\src\stm32f0xx_rcc.o
RCC_RTCCLKConfig                                  Libraries\STM32F0xx_StdPeriph_Driver\src\stm32f0xx_rcc.o
RCC_SYSCLKConfig                                  Libraries\STM32F0xx_StdPeriph_Driver\src\stm32f0xx_rcc.o
RCC_USARTCLKConfig                                Libraries\STM32F0xx_StdPeriph_Driver\src\stm32f0xx_rcc.o
RCC_USBCLKConfig                                  Libraries\STM32F0xx_StdPeriph_Driver\src\stm32f0xx_rcc.o
RCC_WaitForHSEStartUp                             Libraries\STM32F0xx_StdPeriph_Driver\src\stm32f0xx_rcc.o
RTC_AlarmCmd                                      Libraries\STM32F0xx_StdPeriph_Driver\src\stm32f0xx_rtc.o
RTC_AlarmStructInit                               Libraries\STM32F0xx_StdPeriph_Driver\src\stm32f0xx_rtc.o
RTC_AlarmSubSecondConfig                          Libraries\STM32F0xx_StdPeriph_Driver\src\stm32f0xx_rtc.o
RTC_BypassShadowCmd                               Libraries\STM32F0xx_StdPeriph_Driver\src\stm32f0xx_rtc.o
RTC_CalibOutputCmd                                Libraries\STM32F0xx_StdPeriph_Driver\src\stm32f0xx_rtc.o
RTC_CalibOutputConfig                             Libraries\STM32F0xx_StdPeriph_Driver\src\stm32f0xx_rtc.o
RTC_ClearFlag                                     Libraries\STM32F0xx_StdPeriph_Driver\src\stm32f0xx_rtc.o
RTC_ClearITPendingBit                             Libraries\STM32F0xx_StdPeriph_Driver\src\stm32f0xx_rtc.o
RTC_DateStructInit                                Libraries\STM32F0xx_StdPeriph_Driver\src\stm32f0xx_rtc.o
RTC_DayLightSavingConfig                          Libraries\STM32F0xx_StdPeriph_Driver\src\stm32f0xx_rtc.o
RTC_DeInit                                        Libraries\STM32F0xx_StdPeriph_Driver\src\stm32f0xx_rtc.o
RTC_EnterInitMode                                 Libraries\STM32F0xx_StdPeriph_Driver\src\stm32f0xx_rtc.o
RTC_ExitInitMode                                  Libraries\STM32F0xx_StdPeriph_Driver\src\stm32f0xx_rtc.o
RTC_GetAlarm                                      Libraries\STM32F0xx_StdPeriph_Driver\src\stm32f0xx_rtc.o
RTC_GetAlarmSubSecond                             Libraries\STM32F0xx_StdPeriph_Driver\src\stm32f0xx_rtc.o
RTC_GetDate                                       Libraries\STM32F0xx_StdPeriph_Driver\src\stm32f0xx_rtc.o
RTC_GetFlagStatus                                 Libraries\STM32F0xx_StdPeriph_Driver\src\stm32f0xx_rtc.o
RTC_GetITStatus                                   Libraries\STM32F0xx_StdPeriph_Driver\src\stm32f0xx_rtc.o
RTC_GetStoreOperation                             Libraries\STM32F0xx_StdPeriph_Driver\src\stm32f0xx_rtc.o
RTC_GetSubSecond                                  Libraries\STM32F0xx_StdPeriph_Driver\src\stm32f0xx_rtc.o
RTC_GetTime                                       Libraries\STM32F0xx_StdPeriph_Driver\src\stm32f0xx_rtc.o
RTC_GetTimeStamp                                  Libraries\STM32F0xx_StdPeriph_Driver\src\stm32f0xx_rtc.o
RTC_GetTimeStampSubSecond                         Libraries\STM32F0xx_StdPeriph_Driver\src\stm32f0xx_rtc.o
RTC_GetWakeUpCounter                              Libraries\STM32F0xx_StdPeriph_Driver\src\stm32f0xx_rtc.o
RTC_IRQHandler                                    startup\startup_stm32f030.o
RTC_ITConfig                                      Libraries\STM32F0xx_StdPeriph_Driver\src\stm32f0xx_rtc.o
RTC_Init                                          Libraries\STM32F0xx_StdPeriph_Driver\src\stm32f0xx_rtc.o
RTC_OutputConfig                                  Libraries\STM32F0xx_StdPeriph_Driver\src\stm32f0xx_rtc.o
RTC_OutputTypeConfig                              Libraries\STM32F0xx_StdPeriph_Driver\src\stm32f0xx_rtc.o
RTC_ReadBackupRegister                            Libraries\STM32F0xx_StdPeriph_Driver\src\stm32f0xx_rtc.o
RTC_RefClockCmd                                   Libraries\STM32F0xx_StdPeriph_Driver\src\stm32f0xx_rtc.o
RTC_SetAlarm                                      Libraries\STM32F0xx_StdPeriph_Driver\src\stm32f0xx_rtc.o
RTC_SetDate                                       Libraries\STM32F0xx_StdPeriph_Driver\src\stm32f0xx_rtc.o
RTC_SetTime                                       Libraries\STM32F0xx_StdPeriph_Driver\src\stm32f0xx_rtc.o
RTC_SetWakeUpCounter                              Libraries\STM32F0xx_StdPeriph_Driver\src\stm32f0xx_rtc.o
RTC_SmoothCalibConfig                             Libraries\STM32F0xx_StdPeriph_Driver\src\stm32f0xx_rtc.o
RTC_StructInit                                    Libraries\STM32F0xx_StdPeriph_Driver\src\stm32f0xx_rtc.o
RTC_SynchroShiftConfig                            Libraries\STM32F0xx_StdPeriph_Driver\src\stm32f0xx_rtc.o
RTC_TamperCmd                                     Libraries\STM32F0xx_StdPeriph_Driver\src\stm32f0xx_rtc.o
RTC_TamperFilterConfig                            Libraries\STM32F0xx_StdPeriph_Driver\src\stm32f0xx_rtc.o
RTC_TamperPinsPrechargeDuration                   Libraries\STM32F0xx_StdPeriph_Driver\src\stm32f0xx_rtc.o
RTC_TamperPullUpCmd                               Libraries\STM32F0xx_StdPeriph_Driver\src\stm32f0xx_rtc.o
RTC_TamperSamplingFreqConfig                      Libraries\STM32F0xx_StdPeriph_Driver\src\stm32f0xx_rtc.o
RTC_TamperTriggerConfig                           Libraries\STM32F0xx_StdPeriph_Driver\src\stm32f0xx_rtc.o
RTC_TimeStampCmd                                  Libraries\STM32F0xx_StdPeriph_Driver\src\stm32f0xx_rtc.o
RTC_TimeStampOnTamperDetectionCmd                 Libraries\STM32F0xx_StdPeriph_Driver\src\stm32f0xx_rtc.o
RTC_TimeStructInit                                Libraries\STM32F0xx_StdPeriph_Driver\src\stm32f0xx_rtc.o
RTC_WaitForSynchro                                Libraries\STM32F0xx_StdPeriph_Driver\src\stm32f0xx_rtc.o
RTC_WakeUpClockConfig                             Libraries\STM32F0xx_StdPeriph_Driver\src\stm32f0xx_rtc.o
RTC_WakeUpCmd                                     Libraries\STM32F0xx_StdPeriph_Driver\src\stm32f0xx_rtc.o
RTC_WriteBackupRegister                           Libraries\STM32F0xx_StdPeriph_Driver\src\stm32f0xx_rtc.o
RTC_WriteProtectionCmd                            Libraries\STM32F0xx_StdPeriph_Driver\src\stm32f0xx_rtc.o
Reset_Handler                                     startup\startup_stm32f030.o
SPI1_IRQHandler                                   startup\startup_stm32f030.o
SPI2_IRQHandler                                   startup\startup_stm32f030.o
SPI_BiDirectionalLineConfig                       Libraries\STM32F0xx_StdPeriph_Driver\src\stm32f0xx_spi.o
SPI_CRCLengthConfig                               Libraries\STM32F0xx_StdPeriph_Driver\src\stm32f0xx_spi.o
SPI_CalculateCRC                                  Libraries\STM32F0xx_StdPeriph_Driver\src\stm32f0xx_spi.o
SPI_Cmd                                           Libraries\STM32F0xx_StdPeriph_Driver\src\stm32f0xx_spi.o
SPI_DataSizeConfig                                Libraries\STM32F0xx_StdPeriph_Driver\src\stm32f0xx_spi.o
SPI_GetCRC                                        Libraries\STM32F0xx_StdPeriph_Driver\src\stm32f0xx_spi.o
SPI_GetCRCPolynomial                              Libraries\STM32F0xx_StdPeriph_Driver\src\stm32f0xx_spi.o
SPI_GetReceptionFIFOStatus                        Libraries\STM32F0xx_StdPeriph_Driver\src\stm32f0xx_spi.o
SPI_GetTransmissionFIFOStatus                     Libraries\STM32F0xx_StdPeriph_Driver\src\stm32f0xx_spi.o
SPI_I2S_ClearFlag                                 Libraries\STM32F0xx_StdPeriph_Driver\src\stm32f0xx_spi.o
SPI_I2S_DMACmd                                    Libraries\STM32F0xx_StdPeriph_Driver\src\stm32f0xx_spi.o
SPI_I2S_DeInit                                    Libraries\STM32F0xx_StdPeriph_Driver\src\stm32f0xx_spi.o
SPI_I2S_GetFlagStatus                             Libraries\STM32F0xx_StdPeriph_Driver\src\stm32f0xx_spi.o
SPI_I2S_GetITStatus                               Libraries\STM32F0xx_StdPeriph_Driver\src\stm32f0xx_spi.o
SPI_I2S_ITConfig                                  Libraries\STM32F0xx_StdPeriph_Driver\src\stm32f0xx_spi.o
SPI_I2S_ReceiveData16                             Libraries\STM32F0xx_StdPeriph_Driver\src\stm32f0xx_spi.o
SPI_I2S_SendData16                                Libraries\STM32F0xx_StdPeriph_Driver\src\stm32f0xx_spi.o
SPI_Init                                          Libraries\STM32F0xx_StdPeriph_Driver\src\stm32f0xx_spi.o
SPI_LastDMATransferCmd                            Libraries\STM32F0xx_StdPeriph_Driver\src\stm32f0xx_spi.o
SPI_NSSInternalSoftwareConfig                     Libraries\STM32F0xx_StdPeriph_Driver\src\stm32f0xx_spi.o
SPI_NSSPulseModeCmd                               Libraries\STM32F0xx_StdPeriph_Driver\src\stm32f0xx_spi.o
SPI_ReceiveData8                                  Libraries\STM32F0xx_StdPeriph_Driver\src\stm32f0xx_spi.o
SPI_RxFIFOThresholdConfig                         Libraries\STM32F0xx_StdPeriph_Driver\src\stm32f0xx_spi.o
SPI_SSOutputCmd                                   Libraries\STM32F0xx_StdPeriph_Driver\src\stm32f0xx_spi.o
SPI_SendData8                                     Libraries\STM32F0xx_StdPeriph_Driver\src\stm32f0xx_spi.o
SPI_StructInit                                    Libraries\STM32F0xx_StdPeriph_Driver\src\stm32f0xx_spi.o
SPI_TIModeCmd                                     Libraries\STM32F0xx_StdPeriph_Driver\src\stm32f0xx_spi.o
SPI_TransmitCRC                                   Libraries\STM32F0xx_StdPeriph_Driver\src\stm32f0xx_spi.o
SVC_Handler                                       src\stm32f0xx_it.o
SYSCFG_BreakConfig                                Libraries\STM32F0xx_StdPeriph_Driver\src\stm32f0xx_syscfg.o
SYSCFG_ClearFlag                                  Libraries\STM32F0xx_StdPeriph_Driver\src\stm32f0xx_syscfg.o
SYSCFG_DMAChannelRemapConfig                      Libraries\STM32F0xx_StdPeriph_Driver\src\stm32f0xx_syscfg.o
SYSCFG_DeInit                                     Libraries\STM32F0xx_StdPeriph_Driver\src\stm32f0xx_syscfg.o
SYSCFG_EXTILineConfig                             Libraries\STM32F0xx_StdPeriph_Driver\src\stm32f0xx_syscfg.o
SYSCFG_GetFlagStatus                              Libraries\STM32F0xx_StdPeriph_Driver\src\stm32f0xx_syscfg.o
SYSCFG_GetPendingIT                               Libraries\STM32F0xx_StdPeriph_Driver\src\stm32f0xx_syscfg.o
SYSCFG_I2CFastModePlusConfig                      Libraries\STM32F0xx_StdPeriph_Driver\src\stm32f0xx_syscfg.o
SYSCFG_IRDAEnvSelection                           Libraries\STM32F0xx_StdPeriph_Driver\src\stm32f0xx_syscfg.o
SYSCFG_MemoryRemapConfig                          Libraries\STM32F0xx_StdPeriph_Driver\src\stm32f0xx_syscfg.o
SysTick_CLKSourceConfig                           Libraries\STM32F0xx_StdPeriph_Driver\src\stm32f0xx_misc.o
SysTick_Handler                                   src\stm32f0xx_it.o
SystemCoreClock                                   src\system_stm32f0xx.o
                                                  src\main.o
SystemCoreClockUpdate                             src\system_stm32f0xx.o
SystemInit                                        src\system_stm32f0xx.o
                                                  startup\startup_stm32f030.o
TIM14_IRQHandler                                  startup\startup_stm32f030.o
TIM15_IRQHandler                                  startup\startup_stm32f030.o
TIM16_IRQHandler                                  startup\startup_stm32f030.o
TIM17_IRQHandler                                  startup\startup_stm32f030.o
TIM1_BRK_UP_TRG_COM_IRQHandler                    startup\startup_stm32f030.o
TIM1_CC_IRQHandler                                startup\startup_stm32f030.o
TIM3_IRQHandler                                   startup\startup_stm32f030.o
TIM_ARRPreloadConfig                              Libraries\STM32F0xx_StdPeriph_Driver\src\stm32f0xx_tim.o
TIM_BDTRConfig                                    Libraries\STM32F0xx_StdPeriph_Driver\src\stm32f0xx_tim.o
TIM_BDTRStructInit                                Libraries\STM32F0xx_StdPeriph_Driver\src\stm32f0xx_tim.o
TIM_CCPreloadControl                              Libraries\STM32F0xx_StdPeriph_Driver\src\stm32f0xx_tim.o
TIM_CCxCmd                                        Libraries\STM32F0xx_StdPeriph_Driver\src\stm32f0xx_tim.o
TIM_CCxNCmd                                       Libraries\STM32F0xx_StdPeriph_Driver\src\stm32f0xx_tim.o
TIM_ClearFlag                                     Libraries\STM32F0xx_StdPeriph_Driver\src\stm32f0xx_tim.o
TIM_ClearITPendingBit                             Libraries\STM32F0xx_StdPeriph_Driver\src\stm32f0xx_tim.o
TIM_ClearOC1Ref                                   Libraries\STM32F0xx_StdPeriph_Driver\src\stm32f0xx_tim.o
TIM_ClearOC2Ref                                   Libraries\STM32F0xx_StdPeriph_Driver\src\stm32f0xx_tim.o
TIM_ClearOC3Ref                                   Libraries\STM32F0xx_StdPeriph_Driver\src\stm32f0xx_tim.o
TIM_ClearOC4Ref                                   Libraries\STM32F0xx_StdPeriph_Driver\src\stm32f0xx_tim.o
TIM_Cmd                                           Libraries\STM32F0xx_StdPeriph_Driver\src\stm32f0xx_tim.o
TIM_CounterModeConfig                             Libraries\STM32F0xx_StdPeriph_Driver\src\stm32f0xx_tim.o
TIM_CtrlPWMOutputs                                Libraries\STM32F0xx_StdPeriph_Driver\src\stm32f0xx_tim.o
TIM_DMACmd                                        Libraries\STM32F0xx_StdPeriph_Driver\src\stm32f0xx_tim.o
TIM_DMAConfig                                     Libraries\STM32F0xx_StdPeriph_Driver\src\stm32f0xx_tim.o
TIM_DeInit                                        Libraries\STM32F0xx_StdPeriph_Driver\src\stm32f0xx_tim.o
TIM_ETRClockMode1Config                           Libraries\STM32F0xx_StdPeriph_Driver\src\stm32f0xx_tim.o
TIM_ETRClockMode2Config                           Libraries\STM32F0xx_StdPeriph_Driver\src\stm32f0xx_tim.o
TIM_ETRConfig                                     Libraries\STM32F0xx_StdPeriph_Driver\src\stm32f0xx_tim.o
TIM_EncoderInterfaceConfig                        Libraries\STM32F0xx_StdPeriph_Driver\src\stm32f0xx_tim.o
TIM_ForcedOC1Config                               Libraries\STM32F0xx_StdPeriph_Driver\src\stm32f0xx_tim.o
TIM_ForcedOC2Config                               Libraries\STM32F0xx_StdPeriph_Driver\src\stm32f0xx_tim.o
TIM_ForcedOC3Config                               Libraries\STM32F0xx_StdPeriph_Driver\src\stm32f0xx_tim.o
TIM_ForcedOC4Config                               Libraries\STM32F0xx_StdPeriph_Driver\src\stm32f0xx_tim.o
TIM_GenerateEvent                                 Libraries\STM32F0xx_StdPeriph_Driver\src\stm32f0xx_tim.o
TIM_GetCapture1                                   Libraries\STM32F0xx_StdPeriph_Driver\src\stm32f0xx_tim.o
TIM_GetCapture2                                   Libraries\STM32F0xx_StdPeriph_Driver\src\stm32f0xx_tim.o
TIM_GetCapture3                                   Libraries\STM32F0xx_StdPeriph_Driver\src\stm32f0xx_tim.o
TIM_GetCapture4                                   Libraries\STM32F0xx_StdPeriph_Driver\src\stm32f0xx_tim.o
TIM_GetCounter                                    Libraries\STM32F0xx_StdPeriph_Driver\src\stm32f0xx_tim.o
TIM_GetFlagStatus                                 Libraries\STM32F0xx_StdPeriph_Driver\src\stm32f0xx_tim.o
TIM_GetITStatus                                   Libraries\STM32F0xx_StdPeriph_Driver\src\stm32f0xx_tim.o
TIM_GetPrescaler                                  Libraries\STM32F0xx_StdPeriph_Driver\src\stm32f0xx_tim.o
TIM_ICInit                                        Libraries\STM32F0xx_StdPeriph_Driver\src\stm32f0xx_tim.o
TIM_ICStructInit                                  Libraries\STM32F0xx_StdPeriph_Driver\src\stm32f0xx_tim.o
TIM_ITConfig                                      Libraries\STM32F0xx_StdPeriph_Driver\src\stm32f0xx_tim.o
TIM_ITRxExternalClockConfig                       Libraries\STM32F0xx_StdPeriph_Driver\src\stm32f0xx_tim.o
TIM_InternalClockConfig                           Libraries\STM32F0xx_StdPeriph_Driver\src\stm32f0xx_tim.o
TIM_OC1FastConfig                                 Libraries\STM32F0xx_StdPeriph_Driver\src\stm32f0xx_tim.o
TIM_OC1Init                                       Libraries\STM32F0xx_StdPeriph_Driver\src\stm32f0xx_tim.o
TIM_OC1NPolarityConfig                            Libraries\STM32F0xx_StdPeriph_Driver\src\stm32f0xx_tim.o
TIM_OC1PolarityConfig                             Libraries\STM32F0xx_StdPeriph_Driver\src\stm32f0xx_tim.o
TIM_OC1PreloadConfig                              Libraries\STM32F0xx_StdPeriph_Driver\src\stm32f0xx_tim.o
TIM_OC2FastConfig                                 Libraries\STM32F0xx_StdPeriph_Driver\src\stm32f0xx_tim.o
TIM_OC2Init                                       Libraries\STM32F0xx_StdPeriph_Driver\src\stm32f0xx_tim.o
TIM_OC2NPolarityConfig                            Libraries\STM32F0xx_StdPeriph_Driver\src\stm32f0xx_tim.o
TIM_OC2PolarityConfig                             Libraries\STM32F0xx_StdPeriph_Driver\src\stm32f0xx_tim.o
TIM_OC2PreloadConfig                              Libraries\STM32F0xx_StdPeriph_Driver\src\stm32f0xx_tim.o
TIM_OC3FastConfig                                 Libraries\STM32F0xx_StdPeriph_Driver\src\stm32f0xx_tim.o
TIM_OC3Init                                       Libraries\STM32F0xx_StdPeriph_Driver\src\stm32f0xx_tim.o
TIM_OC3NPolarityConfig                            Libraries\STM32F0xx_StdPeriph_Driver\src\stm32f0xx_tim.o
TIM_OC3PolarityConfig                             Libraries\STM32F0xx_StdPeriph_Driver\src\stm32f0xx_tim.o
TIM_OC3PreloadConfig                              Libraries\STM32F0xx_StdPeriph_Driver\src\stm32f0xx_tim.o
TIM_OC4FastConfig                                 Libraries\STM32F0xx_StdPeriph_Driver\src\stm32f0xx_tim.o
TIM_OC4Init                                       Libraries\STM32F0xx_StdPeriph_Driver\src\stm32f0xx_tim.o
TIM_OC4PolarityConfig                             Libraries\STM32F0xx_StdPeriph_Driver\src\stm32f0xx_tim.o
TIM_OC4PreloadConfig                              Libraries\STM32F0xx_StdPeriph_Driver\src\stm32f0xx_tim.o
TIM_OCStructInit                                  Libraries\STM32F0xx_StdPeriph_Driver\src\stm32f0xx_tim.o
TIM_PWMIConfig                                    Libraries\STM32F0xx_StdPeriph_Driver\src\stm32f0xx_tim.o
TIM_PrescalerConfig                               Libraries\STM32F0xx_StdPeriph_Driver\src\stm32f0xx_tim.o
TIM_RemapConfig                                   Libraries\STM32F0xx_StdPeriph_Driver\src\stm32f0xx_tim.o
TIM_SelectCCDMA                                   Libraries\STM32F0xx_StdPeriph_Driver\src\stm32f0xx_tim.o
TIM_SelectCOM                                     Libraries\STM32F0xx_StdPeriph_Driver\src\stm32f0xx_tim.o
TIM_SelectHallSensor                              Libraries\STM32F0xx_StdPeriph_Driver\src\stm32f0xx_tim.o
TIM_SelectInputTrigger                            Libraries\STM32F0xx_StdPeriph_Driver\src\stm32f0xx_tim.o
TIM_SelectMasterSlaveMode                         Libraries\STM32F0xx_StdPeriph_Driver\src\stm32f0xx_tim.o
TIM_SelectOCREFClear                              Libraries\STM32F0xx_StdPeriph_Driver\src\stm32f0xx_tim.o
TIM_SelectOCxM                                    Libraries\STM32F0xx_StdPeriph_Driver\src\stm32f0xx_tim.o
TIM_SelectOnePulseMode                            Libraries\STM32F0xx_StdPeriph_Driver\src\stm32f0xx_tim.o
TIM_SelectOutputTrigger                           Libraries\STM32F0xx_StdPeriph_Driver\src\stm32f0xx_tim.o
TIM_SelectSlaveMode                               Libraries\STM32F0xx_StdPeriph_Driver\src\stm32f0xx_tim.o
TIM_SetAutoreload                                 Libraries\STM32F0xx_StdPeriph_Driver\src\stm32f0xx_tim.o
TIM_SetClockDivision                              Libraries\STM32F0xx_StdPeriph_Driver\src\stm32f0xx_tim.o
TIM_SetCompare1                                   Libraries\STM32F0xx_StdPeriph_Driver\src\stm32f0xx_tim.o
TIM_SetCompare2                                   Libraries\STM32F0xx_StdPeriph_Driver\src\stm32f0xx_tim.o
TIM_SetCompare3                                   Libraries\STM32F0xx_StdPeriph_Driver\src\stm32f0xx_tim.o
TIM_SetCompare4                                   Libraries\STM32F0xx_StdPeriph_Driver\src\stm32f0xx_tim.o
TIM_SetCounter                                    Libraries\STM32F0xx_StdPeriph_Driver\src\stm32f0xx_tim.o
TIM_SetIC1Prescaler                               Libraries\STM32F0xx_StdPeriph_Driver\src\stm32f0xx_tim.o
TIM_SetIC2Prescaler                               Libraries\STM32F0xx_StdPeriph_Driver\src\stm32f0xx_tim.o
TIM_SetIC3Prescaler                               Libraries\STM32F0xx_StdPeriph_Driver\src\stm32f0xx_tim.o
TIM_SetIC4Prescaler                               Libraries\STM32F0xx_StdPeriph_Driver\src\stm32f0xx_tim.o
TIM_TIxExternalClockConfig                        Libraries\STM32F0xx_StdPeriph_Driver\src\stm32f0xx_tim.o
TIM_TimeBaseInit                                  Libraries\STM32F0xx_StdPeriph_Driver\src\stm32f0xx_tim.o
TIM_TimeBaseStructInit                            Libraries\STM32F0xx_StdPeriph_Driver\src\stm32f0xx_tim.o
TIM_UpdateDisableConfig                           Libraries\STM32F0xx_StdPeriph_Driver\src\stm32f0xx_tim.o
TIM_UpdateRequestConfig                           Libraries\STM32F0xx_StdPeriph_Driver\src\stm32f0xx_tim.o
USART1_IRQHandler                                 startup\startup_stm32f030.o
USART2_IRQHandler                                 startup\startup_stm32f030.o
USART_AddressDetectionConfig                      Libraries\STM32F0xx_StdPeriph_Driver\src\stm32f0xx_usart.o
USART_AutoBaudRateCmd                             Libraries\STM32F0xx_StdPeriph_Driver\src\stm32f0xx_usart.o
USART_AutoBaudRateConfig                          Libraries\STM32F0xx_StdPeriph_Driver\src\stm32f0xx_usart.o
USART_ClearFlag                                   Libraries\STM32F0xx_StdPeriph_Driver\src\stm32f0xx_usart.o
USART_ClearITPendingBit                           Libraries\STM32F0xx_StdPeriph_Driver\src\stm32f0xx_usart.o
USART_ClockInit                                   Libraries\STM32F0xx_StdPeriph_Driver\src\stm32f0xx_usart.o
USART_ClockStructInit                             Libraries\STM32F0xx_StdPeriph_Driver\src\stm32f0xx_usart.o
USART_Cmd                                         Libraries\STM32F0xx_StdPeriph_Driver\src\stm32f0xx_usart.o
USART_DECmd                                       Libraries\STM32F0xx_StdPeriph_Driver\src\stm32f0xx_usart.o
USART_DEPolarityConfig                            Libraries\STM32F0xx_StdPeriph_Driver\src\stm32f0xx_usart.o
USART_DMACmd                                      Libraries\STM32F0xx_StdPeriph_Driver\src\stm32f0xx_usart.o
USART_DMAReceptionErrorConfig                     Libraries\STM32F0xx_StdPeriph_Driver\src\stm32f0xx_usart.o
USART_DataInvCmd                                  Libraries\STM32F0xx_StdPeriph_Driver\src\stm32f0xx_usart.o
USART_DeInit                                      Libraries\STM32F0xx_StdPeriph_Driver\src\stm32f0xx_usart.o
USART_DirectionModeCmd                            Libraries\STM32F0xx_StdPeriph_Driver\src\stm32f0xx_usart.o
USART_GetFlagStatus                               Libraries\STM32F0xx_StdPeriph_Driver\src\stm32f0xx_usart.o
USART_GetITStatus                                 Libraries\STM32F0xx_StdPeriph_Driver\src\stm32f0xx_usart.o
USART_HalfDuplexCmd                               Libraries\STM32F0xx_StdPeriph_Driver\src\stm32f0xx_usart.o
USART_ITConfig                                    Libraries\STM32F0xx_StdPeriph_Driver\src\stm32f0xx_usart.o
USART_Init                                        Libraries\STM32F0xx_StdPeriph_Driver\src\stm32f0xx_usart.o
USART_InvPinCmd                                   Libraries\STM32F0xx_StdPeriph_Driver\src\stm32f0xx_usart.o
USART_IrDACmd                                     Libraries\STM32F0xx_StdPeriph_Driver\src\stm32f0xx_usart.o
USART_IrDAConfig                                  Libraries\STM32F0xx_StdPeriph_Driver\src\stm32f0xx_usart.o
USART_LINBreakDetectLengthConfig                  Libraries\STM32F0xx_StdPeriph_Driver\src\stm32f0xx_usart.o
USART_LINCmd                                      Libraries\STM32F0xx_StdPeriph_Driver\src\stm32f0xx_usart.o
USART_MSBFirstCmd                                 Libraries\STM32F0xx_StdPeriph_Driver\src\stm32f0xx_usart.o
USART_MuteModeCmd                                 Libraries\STM32F0xx_StdPeriph_Driver\src\stm32f0xx_usart.o
USART_MuteModeWakeUpConfig                        Libraries\STM32F0xx_StdPeriph_Driver\src\stm32f0xx_usart.o
USART_OneBitMethodCmd                             Libraries\STM32F0xx_StdPeriph_Driver\src\stm32f0xx_usart.o
USART_OverSampling8Cmd                            Libraries\STM32F0xx_StdPeriph_Driver\src\stm32f0xx_usart.o
USART_OverrunDetectionConfig                      Libraries\STM32F0xx_StdPeriph_Driver\src\stm32f0xx_usart.o
USART_ReceiveData                                 Libraries\STM32F0xx_StdPeriph_Driver\src\stm32f0xx_usart.o
USART_ReceiverTimeOutCmd                          Libraries\STM32F0xx_StdPeriph_Driver\src\stm32f0xx_usart.o
USART_RequestCmd                                  Libraries\STM32F0xx_StdPeriph_Driver\src\stm32f0xx_usart.o
USART_STOPModeCmd                                 Libraries\STM32F0xx_StdPeriph_Driver\src\stm32f0xx_usart.o
USART_SWAPPinCmd                                  Libraries\STM32F0xx_StdPeriph_Driver\src\stm32f0xx_usart.o
USART_SendData                                    Libraries\STM32F0xx_StdPeriph_Driver\src\stm32f0xx_usart.o
USART_SetAddress                                  Libraries\STM32F0xx_StdPeriph_Driver\src\stm32f0xx_usart.o
USART_SetAutoRetryCount                           Libraries\STM32F0xx_StdPeriph_Driver\src\stm32f0xx_usart.o
USART_SetBlockLength                              Libraries\STM32F0xx_StdPeriph_Driver\src\stm32f0xx_usart.o
USART_SetDEAssertionTime                          Libraries\STM32F0xx_StdPeriph_Driver\src\stm32f0xx_usart.o
USART_SetDEDeassertionTime                        Libraries\STM32F0xx_StdPeriph_Driver\src\stm32f0xx_usart.o
USART_SetGuardTime                                Libraries\STM32F0xx_StdPeriph_Driver\src\stm32f0xx_usart.o
USART_SetPrescaler                                Libraries\STM32F0xx_StdPeriph_Driver\src\stm32f0xx_usart.o
USART_SetReceiverTimeOut                          Libraries\STM32F0xx_StdPeriph_Driver\src\stm32f0xx_usart.o
USART_SmartCardCmd                                Libraries\STM32F0xx_StdPeriph_Driver\src\stm32f0xx_usart.o
USART_SmartCardNACKCmd                            Libraries\STM32F0xx_StdPeriph_Driver\src\stm32f0xx_usart.o
USART_StopModeWakeUpSourceConfig                  Libraries\STM32F0xx_StdPeriph_Driver\src\stm32f0xx_usart.o
USART_StructInit                                  Libraries\STM32F0xx_StdPeriph_Driver\src\stm32f0xx_usart.o
WWDG_ClearFlag                                    Libraries\STM32F0xx_StdPeriph_Driver\src\stm32f0xx_wwdg.o
WWDG_DeInit                                       Libraries\STM32F0xx_StdPeriph_Driver\src\stm32f0xx_wwdg.o
WWDG_Enable                                       Libraries\STM32F0xx_StdPeriph_Driver\src\stm32f0xx_wwdg.o
WWDG_EnableIT                                     Libraries\STM32F0xx_StdPeriph_Driver\src\stm32f0xx_wwdg.o
WWDG_GetFlagStatus                                Libraries\STM32F0xx_StdPeriph_Driver\src\stm32f0xx_wwdg.o
WWDG_IRQHandler                                   startup\startup_stm32f030.o
WWDG_SetCounter                                   Libraries\STM32F0xx_StdPeriph_Driver\src\stm32f0xx_wwdg.o
WWDG_SetPrescaler                                 Libraries\STM32F0xx_StdPeriph_Driver\src\stm32f0xx_wwdg.o
WWDG_SetWindowValue                               Libraries\STM32F0xx_StdPeriph_Driver\src\stm32f0xx_wwdg.o
__aeabi_idiv0                                     c:/program files (x86)/atollic/truestudio for stm32 9.0.1/armtools/bin/../lib/gcc/arm-atollic-eabi/6.3.1/armv6-m\libgcc.a(_dvmd_tls.o)
                                                  c:/program files (x86)/atollic/truestudio for stm32 9.0.1/armtools/bin/../lib/gcc/arm-atollic-eabi/6.3.1/armv6-m\libgcc.a(_udivsi3.o)
__aeabi_ldiv0                                     c:/program files (x86)/atollic/truestudio for stm32 9.0.1/armtools/bin/../lib/gcc/arm-atollic-eabi/6.3.1/armv6-m\libgcc.a(_dvmd_tls.o)
__aeabi_uidiv                                     c:/program files (x86)/atollic/truestudio for stm32 9.0.1/armtools/bin/../lib/gcc/arm-atollic-eabi/6.3.1/armv6-m\libgcc.a(_udivsi3.o)
                                                  src\system_stm32f0xx.o
                                                  src\main.o
                                                  Libraries\STM32F0xx_StdPeriph_Driver\src\stm32f0xx_usart.o
                                                  Libraries\STM32F0xx_StdPeriph_Driver\src\stm32f0xx_spi.o
                                                  Libraries\STM32F0xx_StdPeriph_Driver\src\stm32f0xx_rcc.o
__aeabi_uidivmod                                  c:/program files (x86)/atollic/truestudio for stm32 9.0.1/armtools/bin/../lib/gcc/arm-atollic-eabi/6.3.1/armv6-m\libgcc.a(_udivsi3.o)
                                                  Libraries\STM32F0xx_StdPeriph_Driver\src\stm32f0xx_usart.o
__deregister_frame_info                           c:/program files (x86)/atollic/truestudio for stm32 9.0.1/armtools/bin/../lib/gcc/arm-atollic-eabi/6.3.1/armv6-m/crtbegin.o
__dso_handle                                      c:/program files (x86)/atollic/truestudio for stm32 9.0.1/armtools/bin/../lib/gcc/arm-atollic-eabi/6.3.1/armv6-m/crtbegin.o
__init_array_end                                  c:/program files (x86)/atollic/truestudio for stm32 9.0.1/armtools/bin/../lib/gcc/arm-atollic-eabi/6.3.1/../../../../arm-atollic-eabi/lib/armv6-m\libc_nano.a(lib_a-init.o)
__init_array_start                                c:/program files (x86)/atollic/truestudio for stm32 9.0.1/armtools/bin/../lib/gcc/arm-atollic-eabi/6.3.1/../../../../arm-atollic-eabi/lib/armv6-m\libc_nano.a(lib_a-init.o)
__libc_init_array                                 c:/program files (x86)/atollic/truestudio for stm32 9.0.1/armtools/bin/../lib/gcc/arm-atollic-eabi/6.3.1/../../../../arm-atollic-eabi/lib/armv6-m\libc_nano.a(lib_a-init.o)
                                                  startup\startup_stm32f030.o
__preinit_array_end                               c:/program files (x86)/atollic/truestudio for stm32 9.0.1/armtools/bin/../lib/gcc/arm-atollic-eabi/6.3.1/../../../../arm-atollic-eabi/lib/armv6-m\libc_nano.a(lib_a-init.o)
__preinit_array_start                             c:/program files (x86)/atollic/truestudio for stm32 9.0.1/armtools/bin/../lib/gcc/arm-atollic-eabi/6.3.1/../../../../arm-atollic-eabi/lib/armv6-m\libc_nano.a(lib_a-init.o)
__register_frame_info                             c:/program files (x86)/atollic/truestudio for stm32 9.0.1/armtools/bin/../lib/gcc/arm-atollic-eabi/6.3.1/armv6-m/crtbegin.o
__udivsi3                                         c:/program files (x86)/atollic/truestudio for stm32 9.0.1/armtools/bin/../lib/gcc/arm-atollic-eabi/6.3.1/armv6-m\libgcc.a(_udivsi3.o)
_ebss                                             startup\startup_stm32f030.o
_edata                                            startup\startup_stm32f030.o
_estack                                           startup\startup_stm32f030.o
_fini                                             c:/program files (x86)/atollic/truestudio for stm32 9.0.1/armtools/bin/../lib/gcc/arm-atollic-eabi/6.3.1/armv6-m/crti.o
_init                                             c:/program files (x86)/atollic/truestudio for stm32 9.0.1/armtools/bin/../lib/gcc/arm-atollic-eabi/6.3.1/armv6-m/crti.o
                                                  c:/program files (x86)/atollic/truestudio for stm32 9.0.1/armtools/bin/../lib/gcc/arm-atollic-eabi/6.3.1/../../../../arm-atollic-eabi/lib/armv6-m\libc_nano.a(lib_a-init.o)
_sbss                                             startup\startup_stm32f030.o
_sdata                                            startup\startup_stm32f030.o
_sidata                                           startup\startup_stm32f030.o
g_pfnVectors                                      startup\startup_stm32f030.o
main                                              src\main.o
                                                  startup\startup_stm32f030.o
millis                                            src\stm32f0xx_it.o
                                                  src\main.o
