10:30:09 **** Rebuild of configuration Debug for project blink ****
Info: Internal Builder is used for build
arm-atollic-eabi-gcc -c ..\Libraries\STM32F0xx_StdPeriph_Driver\src\stm32f0xx_misc.c -mthumb -mcpu=cortex-m0 -std=gnu11 -DSTM32F030 -DUSE_STDPERIPH_DRIVER -I../src -I..\Libraries\CMSIS\Include -I..\Libraries\CMSIS\Device\ST\STM32F0xx\Include -I..\Libraries\STM32F0xx_StdPeriph_Driver\inc -I../Libraries\STM32F0xx_CPAL_Driver\inc -O0 -ffunction-sections -fdata-sections -g -fstack-usage -Wall -specs=nano.specs -o Libraries\STM32F0xx_StdPeriph_Driver\src\stm32f0xx_misc.o 
arm-atollic-eabi-gcc -c ..\Libraries\STM32F0xx_StdPeriph_Driver\src\stm32f0xx_exti.c -mthumb -mcpu=cortex-m0 -std=gnu11 -DSTM32F030 -DUSE_STDPERIPH_DRIVER -I../src -I..\Libraries\CMSIS\Include -I..\Libraries\CMSIS\Device\ST\STM32F0xx\Include -I..\Libraries\STM32F0xx_StdPeriph_Driver\inc -I../Libraries\STM32F0xx_CPAL_Driver\inc -O0 -ffunction-sections -fdata-sections -g -fstack-usage -Wall -specs=nano.specs -o Libraries\STM32F0xx_StdPeriph_Driver\src\stm32f0xx_exti.o 
arm-atollic-eabi-gcc -c ..\Libraries\STM32F0xx_StdPeriph_Driver\src\stm32f0xx_syscfg.c -mthumb -mcpu=cortex-m0 -std=gnu11 -DSTM32F030 -DUSE_STDPERIPH_DRIVER -I../src -I..\Libraries\CMSIS\Include -I..\Libraries\CMSIS\Device\ST\STM32F0xx\Include -I..\Libraries\STM32F0xx_StdPeriph_Driver\inc -I../Libraries\STM32F0xx_CPAL_Driver\inc -O0 -ffunction-sections -fdata-sections -g -fstack-usage -Wall -specs=nano.specs -o Libraries\STM32F0xx_StdPeriph_Driver\src\stm32f0xx_syscfg.o 
arm-atollic-eabi-gcc -c ..\Libraries\STM32F0xx_StdPeriph_Driver\src\stm32f0xx_usart.c -mthumb -mcpu=cortex-m0 -std=gnu11 -DSTM32F030 -DUSE_STDPERIPH_DRIVER -I../src -I..\Libraries\CMSIS\Include -I..\Libraries\CMSIS\Device\ST\STM32F0xx\Include -I..\Libraries\STM32F0xx_StdPeriph_Driver\inc -I../Libraries\STM32F0xx_CPAL_Driver\inc -O0 -ffunction-sections -fdata-sections -g -fstack-usage -Wall -specs=nano.specs -o Libraries\STM32F0xx_StdPeriph_Driver\src\stm32f0xx_usart.o 
arm-atollic-eabi-gcc -c ..\Libraries\STM32F0xx_StdPeriph_Driver\src\stm32f0xx_adc.c -mthumb -mcpu=cortex-m0 -std=gnu11 -DSTM32F030 -DUSE_STDPERIPH_DRIVER -I../src -I..\Libraries\CMSIS\Include -I..\Libraries\CMSIS\Device\ST\STM32F0xx\Include -I..\Libraries\STM32F0xx_StdPeriph_Driver\inc -I../Libraries\STM32F0xx_CPAL_Driver\inc -O0 -ffunction-sections -fdata-sections -g -fstack-usage -Wall -specs=nano.specs -o Libraries\STM32F0xx_StdPeriph_Driver\src\stm32f0xx_adc.o 
arm-atollic-eabi-gcc -c ..\Libraries\STM32F0xx_StdPeriph_Driver\src\stm32f0xx_iwdg.c -mthumb -mcpu=cortex-m0 -std=gnu11 -DSTM32F030 -DUSE_STDPERIPH_DRIVER -I../src -I..\Libraries\CMSIS\Include -I..\Libraries\CMSIS\Device\ST\STM32F0xx\Include -I..\Libraries\STM32F0xx_StdPeriph_Driver\inc -I../Libraries\STM32F0xx_CPAL_Driver\inc -O0 -ffunction-sections -fdata-sections -g -fstack-usage -Wall -specs=nano.specs -o Libraries\STM32F0xx_StdPeriph_Driver\src\stm32f0xx_iwdg.o 
arm-atollic-eabi-gcc -c ..\Libraries\STM32F0xx_StdPeriph_Driver\src\stm32f0xx_gpio.c -mthumb -mcpu=cortex-m0 -std=gnu11 -DSTM32F030 -DUSE_STDPERIPH_DRIVER -I../src -I..\Libraries\CMSIS\Include -I..\Libraries\CMSIS\Device\ST\STM32F0xx\Include -I..\Libraries\STM32F0xx_StdPeriph_Driver\inc -I../Libraries\STM32F0xx_CPAL_Driver\inc -O0 -ffunction-sections -fdata-sections -g -fstack-usage -Wall -specs=nano.specs -o Libraries\STM32F0xx_StdPeriph_Driver\src\stm32f0xx_gpio.o 
arm-atollic-eabi-gcc -c ..\Libraries\STM32F0xx_StdPeriph_Driver\src\stm32f0xx_crc.c -mthumb -mcpu=cortex-m0 -std=gnu11 -DSTM32F030 -DUSE_STDPERIPH_DRIVER -I../src -I..\Libraries\CMSIS\Include -I..\Libraries\CMSIS\Device\ST\STM32F0xx\Include -I..\Libraries\STM32F0xx_StdPeriph_Driver\inc -I../Libraries\STM32F0xx_CPAL_Driver\inc -O0 -ffunction-sections -fdata-sections -g -fstack-usage -Wall -specs=nano.specs -o Libraries\STM32F0xx_StdPeriph_Driver\src\stm32f0xx_crc.o 
arm-atollic-eabi-gcc -c ..\src\stm32f0xx_it.c -mthumb -mcpu=cortex-m0 -std=gnu11 -DSTM32F030 -DUSE_STDPERIPH_DRIVER -I../src -I..\Libraries\CMSIS\Include -I..\Libraries\CMSIS\Device\ST\STM32F0xx\Include -I..\Libraries\STM32F0xx_StdPeriph_Driver\inc -I../Libraries\STM32F0xx_CPAL_Driver\inc -O0 -ffunction-sections -fdata-sections -g -fstack-usage -Wall -specs=nano.specs -o src\stm32f0xx_it.o 
arm-atollic-eabi-gcc -c ..\Libraries\STM32F0xx_StdPeriph_Driver\src\stm32f0xx_rtc.c -mthumb -mcpu=cortex-m0 -std=gnu11 -DSTM32F030 -DUSE_STDPERIPH_DRIVER -I../src -I..\Libraries\CMSIS\Include -I..\Libraries\CMSIS\Device\ST\STM32F0xx\Include -I..\Libraries\STM32F0xx_StdPeriph_Driver\inc -I../Libraries\STM32F0xx_CPAL_Driver\inc -O0 -ffunction-sections -fdata-sections -g -fstack-usage -Wall -specs=nano.specs -o Libraries\STM32F0xx_StdPeriph_Driver\src\stm32f0xx_rtc.o 
arm-atollic-eabi-gcc -c ..\Libraries\STM32F0xx_StdPeriph_Driver\src\stm32f0xx_dma.c -mthumb -mcpu=cortex-m0 -std=gnu11 -DSTM32F030 -DUSE_STDPERIPH_DRIVER -I../src -I..\Libraries\CMSIS\Include -I..\Libraries\CMSIS\Device\ST\STM32F0xx\Include -I..\Libraries\STM32F0xx_StdPeriph_Driver\inc -I../Libraries\STM32F0xx_CPAL_Driver\inc -O0 -ffunction-sections -fdata-sections -g -fstack-usage -Wall -specs=nano.specs -o Libraries\STM32F0xx_StdPeriph_Driver\src\stm32f0xx_dma.o 
arm-atollic-eabi-gcc -c ..\Libraries\STM32F0xx_StdPeriph_Driver\src\stm32f0xx_tim.c -mthumb -mcpu=cortex-m0 -std=gnu11 -DSTM32F030 -DUSE_STDPERIPH_DRIVER -I../src -I..\Libraries\CMSIS\Include -I..\Libraries\CMSIS\Device\ST\STM32F0xx\Include -I..\Libraries\STM32F0xx_StdPeriph_Driver\inc -I../Libraries\STM32F0xx_CPAL_Driver\inc -O0 -ffunction-sections -fdata-sections -g -fstack-usage -Wall -specs=nano.specs -o Libraries\STM32F0xx_StdPeriph_Driver\src\stm32f0xx_tim.o 
arm-atollic-eabi-gcc -c -mthumb -mcpu=cortex-m0 -g -Wa,--warn -x assembler-with-cpp -specs=nano.specs -o src\startup_stm32f030.o ..\src\startup_stm32f030.s 
arm-atollic-eabi-gcc -c ..\Libraries\STM32F0xx_StdPeriph_Driver\src\stm32f0xx_wwdg.c -mthumb -mcpu=cortex-m0 -std=gnu11 -DSTM32F030 -DUSE_STDPERIPH_DRIVER -I../src -I..\Libraries\CMSIS\Include -I..\Libraries\CMSIS\Device\ST\STM32F0xx\Include -I..\Libraries\STM32F0xx_StdPeriph_Driver\inc -I../Libraries\STM32F0xx_CPAL_Driver\inc -O0 -ffunction-sections -fdata-sections -g -fstack-usage -Wall -specs=nano.specs -o Libraries\STM32F0xx_StdPeriph_Driver\src\stm32f0xx_wwdg.o 
arm-atollic-eabi-gcc -c ..\Libraries\STM32F0xx_StdPeriph_Driver\src\stm32f0xx_crs.c -mthumb -mcpu=cortex-m0 -std=gnu11 -DSTM32F030 -DUSE_STDPERIPH_DRIVER -I../src -I..\Libraries\CMSIS\Include -I..\Libraries\CMSIS\Device\ST\STM32F0xx\Include -I..\Libraries\STM32F0xx_StdPeriph_Driver\inc -I../Libraries\STM32F0xx_CPAL_Driver\inc -O0 -ffunction-sections -fdata-sections -g -fstack-usage -Wall -specs=nano.specs -o Libraries\STM32F0xx_StdPeriph_Driver\src\stm32f0xx_crs.o 
arm-atollic-eabi-gcc -c ..\src\system_stm32f0xx.c -mthumb -mcpu=cortex-m0 -std=gnu11 -DSTM32F030 -DUSE_STDPERIPH_DRIVER -I../src -I..\Libraries\CMSIS\Include -I..\Libraries\CMSIS\Device\ST\STM32F0xx\Include -I..\Libraries\STM32F0xx_StdPeriph_Driver\inc -I../Libraries\STM32F0xx_CPAL_Driver\inc -O0 -ffunction-sections -fdata-sections -g -fstack-usage -Wall -specs=nano.specs -o src\system_stm32f0xx.o 
arm-atollic-eabi-gcc -c ..\Libraries\STM32F0xx_StdPeriph_Driver\src\stm32f0xx_can.c -mthumb -mcpu=cortex-m0 -std=gnu11 -DSTM32F030 -DUSE_STDPERIPH_DRIVER -I../src -I..\Libraries\CMSIS\Include -I..\Libraries\CMSIS\Device\ST\STM32F0xx\Include -I..\Libraries\STM32F0xx_StdPeriph_Driver\inc -I../Libraries\STM32F0xx_CPAL_Driver\inc -O0 -ffunction-sections -fdata-sections -g -fstack-usage -Wall -specs=nano.specs -o Libraries\STM32F0xx_StdPeriph_Driver\src\stm32f0xx_can.o 
arm-atollic-eabi-gcc -c ..\Libraries\STM32F0xx_StdPeriph_Driver\src\stm32f0xx_comp.c -mthumb -mcpu=cortex-m0 -std=gnu11 -DSTM32F030 -DUSE_STDPERIPH_DRIVER -I../src -I..\Libraries\CMSIS\Include -I..\Libraries\CMSIS\Device\ST\STM32F0xx\Include -I..\Libraries\STM32F0xx_StdPeriph_Driver\inc -I../Libraries\STM32F0xx_CPAL_Driver\inc -O0 -ffunction-sections -fdata-sections -g -fstack-usage -Wall -specs=nano.specs -o Libraries\STM32F0xx_StdPeriph_Driver\src\stm32f0xx_comp.o 
arm-atollic-eabi-gcc -c ..\Libraries\STM32F0xx_StdPeriph_Driver\src\stm32f0xx_dac.c -mthumb -mcpu=cortex-m0 -std=gnu11 -DSTM32F030 -DUSE_STDPERIPH_DRIVER -I../src -I..\Libraries\CMSIS\Include -I..\Libraries\CMSIS\Device\ST\STM32F0xx\Include -I..\Libraries\STM32F0xx_StdPeriph_Driver\inc -I../Libraries\STM32F0xx_CPAL_Driver\inc -O0 -ffunction-sections -fdata-sections -g -fstack-usage -Wall -specs=nano.specs -o Libraries\STM32F0xx_StdPeriph_Driver\src\stm32f0xx_dac.o 
arm-atollic-eabi-gcc -c ..\src\main.c -mthumb -mcpu=cortex-m0 -std=gnu11 -DSTM32F030 -DUSE_STDPERIPH_DRIVER -I../src -I..\Libraries\CMSIS\Include -I..\Libraries\CMSIS\Device\ST\STM32F0xx\Include -I..\Libraries\STM32F0xx_StdPeriph_Driver\inc -I../Libraries\STM32F0xx_CPAL_Driver\inc -O0 -ffunction-sections -fdata-sections -g -fstack-usage -Wall -specs=nano.specs -o src\main.o 
arm-atollic-eabi-gcc -c ..\Libraries\STM32F0xx_StdPeriph_Driver\src\stm32f0xx_cec.c -mthumb -mcpu=cortex-m0 -std=gnu11 -DSTM32F030 -DUSE_STDPERIPH_DRIVER -I../src -I..\Libraries\CMSIS\Include -I..\Libraries\CMSIS\Device\ST\STM32F0xx\Include -I..\Libraries\STM32F0xx_StdPeriph_Driver\inc -I../Libraries\STM32F0xx_CPAL_Driver\inc -O0 -ffunction-sections -fdata-sections -g -fstack-usage -Wall -specs=nano.specs -o Libraries\STM32F0xx_StdPeriph_Driver\src\stm32f0xx_cec.o 
arm-atollic-eabi-gcc -c ..\Libraries\STM32F0xx_StdPeriph_Driver\src\stm32f0xx_spi.c -mthumb -mcpu=cortex-m0 -std=gnu11 -DSTM32F030 -DUSE_STDPERIPH_DRIVER -I../src -I..\Libraries\CMSIS\Include -I..\Libraries\CMSIS\Device\ST\STM32F0xx\Include -I..\Libraries\STM32F0xx_StdPeriph_Driver\inc -I../Libraries\STM32F0xx_CPAL_Driver\inc -O0 -ffunction-sections -fdata-sections -g -fstack-usage -Wall -specs=nano.specs -o Libraries\STM32F0xx_StdPeriph_Driver\src\stm32f0xx_spi.o 
arm-atollic-eabi-gcc -c ..\Libraries\STM32F0xx_StdPeriph_Driver\src\stm32f0xx_dbgmcu.c -mthumb -mcpu=cortex-m0 -std=gnu11 -DSTM32F030 -DUSE_STDPERIPH_DRIVER -I../src -I..\Libraries\CMSIS\Include -I..\Libraries\CMSIS\Device\ST\STM32F0xx\Include -I..\Libraries\STM32F0xx_StdPeriph_Driver\inc -I../Libraries\STM32F0xx_CPAL_Driver\inc -O0 -ffunction-sections -fdata-sections -g -fstack-usage -Wall -specs=nano.specs -o Libraries\STM32F0xx_StdPeriph_Driver\src\stm32f0xx_dbgmcu.o 
arm-atollic-eabi-gcc -c ..\Libraries\STM32F0xx_StdPeriph_Driver\src\stm32f0xx_rcc.c -mthumb -mcpu=cortex-m0 -std=gnu11 -DSTM32F030 -DUSE_STDPERIPH_DRIVER -I../src -I..\Libraries\CMSIS\Include -I..\Libraries\CMSIS\Device\ST\STM32F0xx\Include -I..\Libraries\STM32F0xx_StdPeriph_Driver\inc -I../Libraries\STM32F0xx_CPAL_Driver\inc -O0 -ffunction-sections -fdata-sections -g -fstack-usage -Wall -specs=nano.specs -o Libraries\STM32F0xx_StdPeriph_Driver\src\stm32f0xx_rcc.o 
arm-atollic-eabi-gcc -c ..\Libraries\STM32F0xx_StdPeriph_Driver\src\stm32f0xx_flash.c -mthumb -mcpu=cortex-m0 -std=gnu11 -DSTM32F030 -DUSE_STDPERIPH_DRIVER -I../src -I..\Libraries\CMSIS\Include -I..\Libraries\CMSIS\Device\ST\STM32F0xx\Include -I..\Libraries\STM32F0xx_StdPeriph_Driver\inc -I../Libraries\STM32F0xx_CPAL_Driver\inc -O0 -ffunction-sections -fdata-sections -g -fstack-usage -Wall -specs=nano.specs -o Libraries\STM32F0xx_StdPeriph_Driver\src\stm32f0xx_flash.o 
arm-atollic-eabi-gcc -c ..\Libraries\STM32F0xx_StdPeriph_Driver\src\stm32f0xx_i2c.c -mthumb -mcpu=cortex-m0 -std=gnu11 -DSTM32F030 -DUSE_STDPERIPH_DRIVER -I../src -I..\Libraries\CMSIS\Include -I..\Libraries\CMSIS\Device\ST\STM32F0xx\Include -I..\Libraries\STM32F0xx_StdPeriph_Driver\inc -I../Libraries\STM32F0xx_CPAL_Driver\inc -O0 -ffunction-sections -fdata-sections -g -fstack-usage -Wall -specs=nano.specs -o Libraries\STM32F0xx_StdPeriph_Driver\src\stm32f0xx_i2c.o 
arm-atollic-eabi-gcc -c ..\Libraries\STM32F0xx_StdPeriph_Driver\src\stm32f0xx_pwr.c -mthumb -mcpu=cortex-m0 -std=gnu11 -DSTM32F030 -DUSE_STDPERIPH_DRIVER -I../src -I..\Libraries\CMSIS\Include -I..\Libraries\CMSIS\Device\ST\STM32F0xx\Include -I..\Libraries\STM32F0xx_StdPeriph_Driver\inc -I../Libraries\STM32F0xx_CPAL_Driver\inc -O0 -ffunction-sections -fdata-sections -g -fstack-usage -Wall -specs=nano.specs -o Libraries\STM32F0xx_StdPeriph_Driver\src\stm32f0xx_pwr.o 
arm-atollic-eabi-gcc -o blink.elf Libraries\STM32F0xx_StdPeriph_Driver\src\stm32f0xx_adc.o Libraries\STM32F0xx_StdPeriph_Driver\src\stm32f0xx_can.o Libraries\STM32F0xx_StdPeriph_Driver\src\stm32f0xx_cec.o Libraries\STM32F0xx_StdPeriph_Driver\src\stm32f0xx_comp.o Libraries\STM32F0xx_StdPeriph_Driver\src\stm32f0xx_crc.o Libraries\STM32F0xx_StdPeriph_Driver\src\stm32f0xx_crs.o Libraries\STM32F0xx_StdPeriph_Driver\src\stm32f0xx_dac.o Libraries\STM32F0xx_StdPeriph_Driver\src\stm32f0xx_dbgmcu.o Libraries\STM32F0xx_StdPeriph_Driver\src\stm32f0xx_dma.o Libraries\STM32F0xx_StdPeriph_Driver\src\stm32f0xx_exti.o Libraries\STM32F0xx_StdPeriph_Driver\src\stm32f0xx_flash.o Libraries\STM32F0xx_StdPeriph_Driver\src\stm32f0xx_gpio.o Libraries\STM32F0xx_StdPeriph_Driver\src\stm32f0xx_i2c.o Libraries\STM32F0xx_StdPeriph_Driver\src\stm32f0xx_iwdg.o Libraries\STM32F0xx_StdPeriph_Driver\src\stm32f0xx_misc.o Libraries\STM32F0xx_StdPeriph_Driver\src\stm32f0xx_pwr.o Libraries\STM32F0xx_StdPeriph_Driver\src\stm32f0xx_rcc.o Libraries\STM32F0xx_StdPeriph_Driver\src\stm32f0xx_rtc.o Libraries\STM32F0xx_StdPeriph_Driver\src\stm32f0xx_spi.o Libraries\STM32F0xx_StdPeriph_Driver\src\stm32f0xx_syscfg.o Libraries\STM32F0xx_StdPeriph_Driver\src\stm32f0xx_tim.o Libraries\STM32F0xx_StdPeriph_Driver\src\stm32f0xx_usart.o Libraries\STM32F0xx_StdPeriph_Driver\src\stm32f0xx_wwdg.o src\main.o src\startup_stm32f030.o src\stm32f0xx_it.o src\system_stm32f0xx.o -mthumb -mcpu=cortex-m0 -T../Debug_STM32F051R8_FLASH.ld -specs=nosys.specs -static -Wl,-cref,-u,Reset_Handler -Wl,-Map=blink.map -Wl,--gc-sections -Wl,--defsym=malloc_getpagesize_P=0x80 -Wl,--start-group -lc -lm -Wl,--end-group -specs=nano.specs 
C:\Program Files (x86)\Atollic\TrueSTUDIO for STM32 9.0.1\ide\jre\bin\java -jar C:\Program Files (x86)\Atollic\TrueSTUDIO for STM32 9.0.1\Tools\arm-atollic-reports.jar sizeinfo list blink.elf 
Generate build reports...
Print size information
   text	   data	    bss	    dec	    hex	filename
   2012	     12	    168	   2192	    890	blink.elf
Print size information done
Generate listing file
Output sent to: blink.list
Generate listing file done
Generate build reports done

10:30:22 Build Finished (took 12s.310ms)

